[    0.000000] Booting Linux on physical CPU 0x0
[    0.000000] Linux version 4.14.50-v7+ (dc4@dc4-XPS13-9333) (gcc version 4.9.3 (crosstool-NG crosstool-ng-1.22.0-88-g8460611)) #1122 SMP Tue Jun 19 12:26:26 BST 2018
[    0.000000] CPU: ARMv7 Processor [410fd034] revision 4 (ARMv7), cr=10c5383d
[    0.000000] CPU: div instructions available: patching division code
[    0.000000] CPU: PIPT / VIPT nonaliasing data cache, VIPT aliasing instruction cache
[    0.000000] OF: fdt: Machine model: Raspberry Pi 3 Model B Plus Rev 1.3
[    0.000000] Memory policy: Data cache writealloc
[    0.000000] cma: Reserved 8 MiB at 0x37800000
[    0.000000] percpu: Embedded 17 pages/cpu @b6fbf000 s38720 r8192 d22720 u69632
[    0.000000] Built 1 zonelists, mobility grouping on.  Total pages: 227360
[    0.000000] Kernel command line: 8250.nr_uarts=1 bcm2708_fb.fbwidth=800 bcm2708_fb.fbheight=480 bcm2708_fb.fbswap=1 vc_mem.mem_base=0x3ec00000 vc_mem.mem_size=0x40000000  dwc_otg.lpm_enable=0 console=tty1 console=ttyS0,115200 root=/dev/mmcblk0p2 rootfstype=ext4 elevator=deadline rootwait fbcon=map:10 fbcon=font:ProFont6x11 logo.nologo
[    0.000000] PID hash table entries: 4096 (order: 2, 16384 bytes)
[    0.000000] Dentry cache hash table entries: 131072 (order: 7, 524288 bytes)
[    0.000000] Inode-cache hash table entries: 65536 (order: 6, 262144 bytes)
[    0.000000] Memory: 887456K/917504K available (7168K kernel code, 575K rwdata, 2072K rodata, 1024K init, 706K bss, 21856K reserved, 8192K cma-reserved)
[    0.000000] Virtual kernel memory layout:
[    0.000000]     vector  : 0xffff0000 - 0xffff1000   (   4 kB)
[    0.000000]     fixmap  : 0xffc00000 - 0xfff00000   (3072 kB)
[    0.000000]     vmalloc : 0xb8800000 - 0xff800000   (1136 MB)
[    0.000000]     lowmem  : 0x80000000 - 0xb8000000   ( 896 MB)
[    0.000000]     modules : 0x7f000000 - 0x80000000   (  16 MB)
[    0.000000]       .text : 0x80008000 - 0x80800000   (8160 kB)
[    0.000000]       .init : 0x80b00000 - 0x80c00000   (1024 kB)
[    0.000000]       .data : 0x80c00000 - 0x80c8fef4   ( 576 kB)
[    0.000000]        .bss : 0x80c96f40 - 0x80d478b4   ( 707 kB)
[    0.000000] SLUB: HWalign=64, Order=0-3, MinObjects=0, CPUs=4, Nodes=1
[    0.000000] ftrace: allocating 25253 entries in 75 pages
[    0.000000] Hierarchical RCU implementation.
[    0.000000] NR_IRQS: 16, nr_irqs: 16, preallocated irqs: 16
[    0.000000] arch_timer: cp15 timer(s) running at 19.20MHz (phys).
[    0.000000] clocksource: arch_sys_counter: mask: 0xffffffffffffff max_cycles: 0x46d987e47, max_idle_ns: 440795202767 ns
[    0.000007] sched_clock: 56 bits at 19MHz, resolution 52ns, wraps every 4398046511078ns
[    0.000022] Switching to timer-based delay loop, resolution 52ns
[    0.000271] Console: colour dummy device 80x30
[    0.000814] console [tty1] enabled
[    0.000856] Calibrating delay loop (skipped), value calculated using timer frequency.. 38.40 BogoMIPS (lpj=192000)
[    0.000896] pid_max: default: 32768 minimum: 301
[    0.001227] Mount-cache hash table entries: 2048 (order: 1, 8192 bytes)
[    0.001259] Mountpoint-cache hash table entries: 2048 (order: 1, 8192 bytes)
[    0.002211] Disabling memory control group subsystem
[    0.002310] CPU: Testing write buffer coherency: ok
[    0.002720] CPU0: thread -1, cpu 0, socket 0, mpidr 80000000
[    0.003114] Setting up static identity map for 0x100000 - 0x10003c
[    0.003248] Hierarchical SRCU implementation.
[    0.003900] smp: Bringing up secondary CPUs ...
[    0.004605] CPU1: thread -1, cpu 1, socket 0, mpidr 80000001
[    0.005357] CPU2: thread -1, cpu 2, socket 0, mpidr 80000002
[    0.006092] CPU3: thread -1, cpu 3, socket 0, mpidr 80000003
[    0.006195] smp: Brought up 1 node, 4 CPUs
[    0.006267] SMP: Total of 4 processors activated (153.60 BogoMIPS).
[    0.006289] CPU: All CPU(s) started in HYP mode.
[    0.006307] CPU: Virtualization extensions available.
[    0.007164] devtmpfs: initialized
[    0.017137] random: get_random_u32 called from bucket_table_alloc+0xfc/0x24c with crng_init=0
[    0.017830] VFP support v0.3: implementor 41 architecture 3 part 40 variant 3 rev 4
[    0.018071] clocksource: jiffies: mask: 0xffffffff max_cycles: 0xffffffff, max_idle_ns: 19112604462750000 ns
[    0.018115] futex hash table entries: 1024 (order: 4, 65536 bytes)
[    0.018683] pinctrl core: initialized pinctrl subsystem
[    0.019447] NET: Registered protocol family 16
[    0.022092] DMA: preallocated 1024 KiB pool for atomic coherent allocations
[    0.026884] hw-breakpoint: found 5 (+1 reserved) breakpoint and 4 watchpoint registers.
[    0.026917] hw-breakpoint: maximum watchpoint size is 8 bytes.
[    0.027150] Serial: AMBA PL011 UART driver
[    0.028783] bcm2835-mbox 3f00b880.mailbox: mailbox enabled
[    0.029249] uart-pl011 3f201000.serial: could not find pctldev for node /soc/gpio@7e200000/uart0_pins, deferring probe
[    0.060964] bcm2835-dma 3f007000.dma: DMA legacy API manager at b8813000, dmachans=0x1
[    0.062401] SCSI subsystem initialized
[    0.062641] usbcore: registered new interface driver usbfs
[    0.062711] usbcore: registered new interface driver hub
[    0.062810] usbcore: registered new device driver usb
[    0.070080] raspberrypi-firmware soc:firmware: Attached to firmware from 2018-06-07 15:37
[    0.071422] clocksource: Switched to clocksource arch_sys_counter
[    0.148490] VFS: Disk quotas dquot_6.6.0
[    0.148602] VFS: Dquot-cache hash table entries: 1024 (order 0, 4096 bytes)
[    0.148805] FS-Cache: Loaded
[    0.149013] CacheFiles: Loaded
[    0.157798] NET: Registered protocol family 2
[    0.158536] TCP established hash table entries: 8192 (order: 3, 32768 bytes)
[    0.158666] TCP bind hash table entries: 8192 (order: 4, 65536 bytes)
[    0.158868] TCP: Hash tables configured (established 8192 bind 8192)
[    0.159013] UDP hash table entries: 512 (order: 2, 16384 bytes)
[    0.159074] UDP-Lite hash table entries: 512 (order: 2, 16384 bytes)
[    0.159316] NET: Registered protocol family 1
[    0.159767] RPC: Registered named UNIX socket transport module.
[    0.159791] RPC: Registered udp transport module.
[    0.159810] RPC: Registered tcp transport module.
[    0.159829] RPC: Registered tcp NFSv4.1 backchannel transport module.
[    0.161300] hw perfevents: enabled with armv7_cortex_a7 PMU driver, 7 counters available
[    0.164136] workingset: timestamp_bits=14 max_order=18 bucket_order=4
[    0.172116] FS-Cache: Netfs 'nfs' registered for caching
[    0.172730] NFS: Registering the id_resolver key type
[    0.172779] Key type id_resolver registered
[    0.172799] Key type id_legacy registered
[    0.172827] nfs4filelayout_init: NFSv4 File Layout Driver Registering...
[    0.174715] Block layer SCSI generic (bsg) driver version 0.4 loaded (major 251)
[    0.174864] io scheduler noop registered
[    0.174885] io scheduler deadline registered (default)
[    0.175174] io scheduler cfq registered
[    0.175196] io scheduler mq-deadline registered
[    0.175216] io scheduler kyber registered
[    0.177513] BCM2708FB: allocated DMA memory f7900000
[    0.177556] BCM2708FB: allocated DMA channel 0 @ b8813000
[    0.189039] Console: switching to colour frame buffer device 100x30
[    0.199683] Serial: 8250/16550 driver, 1 ports, IRQ sharing enabled
[    0.204363] bcm2835-rng 3f104000.rng: hwrng registered
[    0.207775] vc-mem: phys_addr:0x00000000 mem_base=0x3ec00000 mem_size:0x40000000(1024 MiB)
[    0.211709] vc-sm: Videocore shared memory driver
[    0.215348] gpiomem-bcm2835 3f200000.gpiomem: Initialised: Registers at 0x3f200000
[    0.228279] brd: module loaded
[    0.240324] loop: module loaded
[    0.243726] Loading iSCSI transport class v2.0-870.
[    0.247712] libphy: Fixed MDIO Bus: probed
[    0.251156] usbcore: registered new interface driver lan78xx
[    0.254719] usbcore: registered new interface driver smsc95xx
[    0.258163] dwc_otg: version 3.00a 10-AUG-2012 (platform bus)
[    0.489653] Core Release: 2.80a
[    0.492995] Setting default values for core params
[    0.496288] Finished setting default values for core params
[    0.699809] Using Buffer DMA mode
[    0.703049] Periodic Transfer Interrupt Enhancement - disabled
[    0.706358] Multiprocessor Interrupt Enhancement - disabled
[    0.709729] OTG VER PARAM: 0, OTG VER FLAG: 0
[    0.713064] Dedicated Tx FIFOs mode
[    0.716701] WARN::dwc_otg_hcd_init:1046: FIQ DMA bounce buffers: virt = 0xb7914000 dma = 0xf7914000 len=9024
[    0.723431] FIQ FSM acceleration enabled for :
[    0.723431] Non-periodic Split Transactions
[    0.723431] Periodic Split Transactions
[    0.723431] High-Speed Isochronous Endpoints
[    0.723431] Interrupt/Control Split Transaction hack enabled
[    0.740644] WARN::hcd_init_fiq:459: FIQ on core 1 at 0x805e7d20
[    0.744215] WARN::hcd_init_fiq:460: FIQ ASM at 0x805e8088 length 36
[    0.747738] WARN::hcd_init_fiq:486: MPHI regs_base at 0xb887e000
[    0.751277] dwc_otg 3f980000.usb: DWC OTG Controller
[    0.754760] dwc_otg 3f980000.usb: new USB bus registered, assigned bus number 1
[    0.758212] dwc_otg 3f980000.usb: irq 62, io mem 0x00000000
[    0.761590] Init: Port Power? op_state=1
[    0.764822] Init: Power Port (0)
[    0.768132] usb usb1: New USB device found, idVendor=1d6b, idProduct=0002
[    0.771440] usb usb1: New USB device strings: Mfr=3, Product=2, SerialNumber=1
[    0.774747] usb usb1: Product: DWC OTG Controller
[    0.778023] usb usb1: Manufacturer: Linux 4.14.50-v7+ dwc_otg_hcd
[    0.781322] usb usb1: SerialNumber: 3f980000.usb
[    0.785253] hub 1-0:1.0: USB hub found
[    0.788575] hub 1-0:1.0: 1 port detected
[    0.792574] usbcore: registered new interface driver usb-storage
[    0.796039] mousedev: PS/2 mouse device common for all mice
[    0.799398] IR NEC protocol handler initialized
[    0.802690] IR RC5(x/sz) protocol handler initialized
[    0.805947] IR RC6 protocol handler initialized
[    0.809160] IR JVC protocol handler initialized
[    0.812327] IR Sony protocol handler initialized
[    0.815459] IR SANYO protocol handler initialized
[    0.818490] IR Sharp protocol handler initialized
[    0.821340] IR MCE Keyboard/mouse protocol handler initialized
[    0.824254] IR XMP protocol handler initialized
[    0.827829] bcm2835-wdt 3f100000.watchdog: Broadcom BCM2835 watchdog timer
[    0.831112] bcm2835-cpufreq: min=600000 max=1400000
[    0.834539] sdhci: Secure Digital Host Controller Interface driver
[    0.837625] sdhci: Copyright(c) Pierre Ossman
[    0.841004] mmc-bcm2835 3f300000.mmc: could not get clk, deferring probe
[    0.844501] sdhost-bcm2835 3f202000.mmc: could not get clk, deferring probe
[    0.847810] sdhci-pltfm: SDHCI platform and OF driver helper
[    0.852425] ledtrig-cpu: registered to indicate activity on CPUs
[    0.855789] hidraw: raw HID events driver (C) Jiri Kosina
[    0.859179] usbcore: registered new interface driver usbhid
[    0.862426] usbhid: USB HID core driver
[    0.866242] vchiq: vchiq_init_state: slot_zero = b7980000, is_master = 0
[    0.870945] [vc_sm_connected_init]: start
[    0.879790] [vc_sm_connected_init]: end - returning 0
[    0.883589] Initializing XFRM netlink socket
[    0.886795] NET: Registered protocol family 17
[    0.890076] Key type dns_resolver registered
[    0.893705] Registering SWP/SWPB emulation handler
[    0.897489] registered taskstats version 1
[    0.906509] uart-pl011 3f201000.serial: cts_event_workaround enabled
[    0.909859] 3f201000.serial: ttyAMA0 at MMIO 0x3f201000 (irq = 87, base_baud = 0) is a PL011 rev2
[    0.914812] console [ttyS0] disabled
[    0.918179] 3f215040.serial: ttyS0 at MMIO 0x0 (irq = 166, base_baud = 31250000) is a 16550
[    1.969017] console [ttyS0] enabled
[    1.977016] mmc-bcm2835 3f300000.mmc: mmc_debug:0 mmc_debug2:0
[    1.986609] mmc-bcm2835 3f300000.mmc: DMA channel allocated
[    2.052048] sdhost: log_buf @ b7913000 (f7913000)
[    2.096845] mmc1: queuing unknown CIS tuple 0x80 (2 bytes)
[    2.106260] Indeed it is in host mode hprt0 = 00021501
[    2.176533] mmc1: queuing unknown CIS tuple 0x80 (3 bytes)
[    2.187403] mmc1: queuing unknown CIS tuple 0x80 (3 bytes)
[    2.197196] random: fast init done
[    2.201446] mmc0: sdhost-bcm2835 loaded - DMA enabled (>1)
[    2.202467] of_cfs_init
[    2.202557] of_cfs_init: OK
[    2.225745] Waiting for root device /dev/mmcblk0p2...
[    2.228594] mmc1: queuing unknown CIS tuple 0x80 (7 bytes)
[    2.268665] mmc0: host does not support reading read-only switch, assuming write-enable
[    2.283225] mmc0: new high speed SDHC card at address 59b4
[    2.292850] mmcblk0: mmc0:59b4 SD32G 29.2 GiB
[    2.302132]  mmcblk0: p1 p2
[    2.321454] usb 1-1: new high-speed USB device number 2 using dwc_otg
[    2.331620] Indeed it is in host mode hprt0 = 00001101
[    2.343881] EXT4-fs (mmcblk0p2): mounted filesystem with ordered data mode. Opts: (null)
[    2.355763] VFS: Mounted root (ext4 filesystem) readonly on device 179:2.
[    2.404347] devtmpfs: mounted
[    2.407638] mmc1: new high speed SDIO card at address 0001
[    2.423220] Freeing unused kernel memory: 1024K
[    2.571747] usb 1-1: New USB device found, idVendor=0424, idProduct=2514
[    2.582426] usb 1-1: New USB device strings: Mfr=0, Product=0, SerialNumber=0
[    2.594098] hub 1-1:1.0: USB hub found
[    2.601640] hub 1-1:1.0: 4 ports detected
[    2.887375] systemd[1]: System time before build time, advancing clock.
[    2.921463] usb 1-1.1: new high-speed USB device number 3 using dwc_otg
[    3.047732] NET: Registered protocol family 10
[    3.056983] Segment Routing with IPv6
[    3.061793] usb 1-1.1: New USB device found, idVendor=0424, idProduct=2514
[    3.061803] usb 1-1.1: New USB device strings: Mfr=0, Product=0, SerialNumber=0
[    3.062422] hub 1-1.1:1.0: USB hub found
[    3.062511] hub 1-1.1:1.0: 3 ports detected
[    3.111088] ip_tables: (C) 2000-2006 Netfilter Core Team
[    3.139581] random: systemd: uninitialized urandom read (16 bytes read)
[    3.155335] systemd[1]: systemd 232 running in system mode. (+PAM +AUDIT +SELINUX +IMA +APPARMOR +SMACK +SYSVINIT +UTMP +LIBCRYPTSETUP +GCRYPT +GNUTLS +ACL +XZ +LZ4 +SECCOMP +BLKID +ELFUTILS +KMOD +IDN)
[    3.185771] systemd[1]: Detected architecture arm.

Welcome to Raspbian GNU/Linux 9 (stretch)!

[    3.232474] systemd[1]: Set hostname to <raspberrypi>.
[    3.284069] random: systemd: uninitialized urandom read (16 bytes read)
[    3.303712] random: systemd-cryptse: uninitialized urandom read (16 bytes read)
[    3.415328] dwc_otg_handle_wakeup_detected_intr lxstate = 2
[    3.821475] usb 1-1.1.1: new high-speed USB device number 4 using dwc_otg
[    3.870200] systemd[1]: Listening on udev Kernel Socket.
[  OK  ] Listening on udev Kernel Socket.
[    3.911989] systemd[1]: Listening on Journal Socket.
[  OK  ] Listening on Journal Socket.
[    3.951753] systemd[1]: Listening on fsck to fsckd communication Socket.
[    3.961871] usb 1-1.1.1: New USB device found, idVendor=0424, idProduct=7800
[    3.961881] usb 1-1.1.1: New USB device strings: Mfr=0, Product=0, SerialNumber=0
[  OK  ] Listening on fsck to fsckd communication Socket.
[    4.011967] systemd[1]: Started Forward Password Requests to Wall Directory Watch.
[  OK  ] Started Forward Password Requests to Wall Directory Watch.
[    4.051818] systemd[1]: Listening on udev Control Socket.
[  OK  ] Listening on udev Control Socket.
[    4.092266] systemd[1]: Created slice System Slice.
[  OK  ] Created slice System Slice.
[    4.134582] systemd[1]: Mounting Debug File System...
         Mounting Debug File System...
         Starting Load Kernel Modules...
         Starting Restore / save the cur[    4.220962] i2c /dev entries driver
rent clock...
[  OK  ] Created slice system[    4.255639] media: Linux media interface: v0.10
-serial\x2dgetty.slice.
        [    4.268998] libphy: lan78xx-mdiobus: probed
 Starting Set the console keyboard layout...
[    4.290635] Linux video capture interface: v2.00
         Starting File System Check on Root Device...
         Startin[    4.338395] bcm2835_v4l2: module is from the staging directory, the quality is unknown, you have been warned.
g Create list of required st…ce nodes for the current kernel...
         Mounting RPC Pipe File System...
[  OK  ] Created slice system-systemd\x2dfsck.slice.
[  OK  ] Created slice system-getty.slice.
         Mounting POSIX Message Queue File System...
[  OK  ] Listening on Journal Socket (/dev/log).
[  OK  ] Listening on Syslog Socket.
[  OK  ] Reached target Swap.
[  OK  ] Set up automount Arbitrary Executab…rmats File System Automount Point.
[  OK  ] Listening on /dev/initctl Compatibility Named Pipe.
[  OK  ] Created slice User and Session Slice.
         Starting Journal Service...
[  OK  ] Reached target Slices.
[  OK  ] Mounted RPC Pipe File System.
[  OK  ] Mounted POSIX Message Queue File System.
[  OK  ] Mounted Debug File System.
[  OK  ] Started Journal Service.
[  OK  ] Started Load Kernel Modules.
[  OK  ] Started Restore / save the current clock.
[  OK  ] Started Set the console keyboard layout.
[  OK  ] Started File System Check on Root Device.
[  OK  ] Started Create list of required sta…vice nodes for the current kernel.
[  OK  ] Started File System Check Daemon to report status.
         Starting Create Static Device Nodes in /dev...
         Starting Remount Root and Kernel File Systems...
         Mounting Configuration File System...
         Starting Apply Kernel Variables...
[  OK  ] Mounted Configuration File System.
[  OK  ] Started Create Static Device Nodes in /dev.
[  OK  ] Started Remount Root and Kernel File Systems.
[  OK  ] Started Apply Kernel Variables.
         Starting Flush Journal to Persistent Storage...
         Starting Load/Save Random Seed...
         Starting udev Coldplug all Devices...
         Starting udev Kernel Device Manager...
[  OK  ] Reached target Local File Systems (Pre).
[  OK  ] Started Load/Save Random Seed.
[  OK  ] Started Flush Journal to Persistent Storage.
[  OK  ] Started udev Kernel Device Manager.
[  OK  ] Started udev Coldplug all Devices.
         Starting Show Plymouth Boot Screen...
[  OK  ] Started Show Plymouth Boot Screen.
[  OK  ] Reached target Paths.
[  OK  ] Reached target Encrypted Volumes.
[  OK  ] Started Forward Password Requests to Plymouth Directory Watch.
[  OK  ] Found device /dev/serial1.
[  OK  ] Found device /dev/ttyS0.
[  OK  ] Found device /dev/disk/by-partuuid/7d4c1888-01.
         Starting File System Check on /dev/disk/by-partuuid/7d4c1888-01...
[  OK  ] Reached target Sound Card.
[  OK  ] Listening on Load/Save RF Kill Switch Status /dev/rfkill Watch.
[  OK  ] Started File System Check on /dev/disk/by-partuuid/7d4c1888-01.
         Mounting /boot...
[  OK  ] Mounted /boot.
[  OK  ] Reached target Local File Systems.
         Starting Preprocess NFS configuration...
         Starting Set console font and keymap...
         Starting Raise network interfaces...
         Starting Tell Plymouth To Write Out Runtime Data...
         Starting Create Volatile Files and Directories...
[  OK  ] Started Preprocess NFS configuration.
[  OK  ] Reached target NFS client services.
[  OK  ] Reached target Remote File Systems (Pre).
[  OK  ] Reached target Remote File Systems.
[  OK  ] Started Set console font and keymap.
[  OK  ] Started Tell Plymouth To Write Out Runtime Data.
[  OK  ] Started Create Volatile Files and Directories.
         Starting Update UTMP about System Boot/Shutdown...
         Starting Network Time Synchronization...
[  OK  ] Started Update UTMP about System Boot/Shutdown.
[  OK  ] Started Raise network interfaces.
[  OK  ] Started Network Time Synchronization.
[  OK  ] Reached target System Initialization.
[  OK  ] Listening on D-Bus System Message Bus Socket.
[  OK  ] Listening on Avahi mDNS/DNS-SD Stack Activation Socket.
[  OK  ] Listening on triggerhappy.socket.
[  OK  ] Started Daily Cleanup of Temporary Directories.
[  OK  ] Listening on GPS (Global Positioning System) Daemon Sockets.
[  OK  ] Reached target Sockets.
[  OK  ] Reached target Basic System.
[  OK  ] Started D-Bus System Message Bus.
         Starting Avahi mDNS/DNS-SD Stack...
         Starting Configure Bluetooth Modems connected by UART...
         Starting LSB: Autogenerate and use a swap file...
         Starting System Logging Service...
         Starting triggerhappy global hotkey daemon...
         Starting LSB: Switch to ondemand cp…r (unless shift key is pressed)...
         Starting Login Service...
         Starting dhcpcd on all interfaces...
         Starting Check for v3d driver...
         Starting Disable WiFi if country not set...
         Starting Save/Restore Sound Card State...
[  OK  ] Started Regular background program processing daemon.
         Starting Restore /etc/resolv.conf i…fore the ppp link was shut down...
[  OK  ] Reached target System Time Synchronized.
[  OK  ] Started Daily apt download activities.
[  OK  ] Started Daily apt upgrade and clean activities.
[  OK  ] Reached target Timers.
[  OK  ] Started Save/Restore Sound Card State.
[  OK  ] Started Restore /etc/resolv.conf if…before the ppp link was shut down.
[  OK  ] Started triggerhappy global hotkey daemon.
[  OK  ] Started Disable WiFi if country not set.
[  OK  ] Started Avahi mDNS/DNS-SD Stack.
[  OK  ] Started Login Service.
         Starting Load/Save RF Kill Switch Status...
[  OK  ] Started Load/Save RF Kill Switch Status.
[  OK  ] Started Check for v3d driver.
[  OK  ] Started dhcpcd on all interfaces.
[  OK  ] Reached target Network.
         Starting OpenBSD Secure Shell server...
         Starting xrdp session manager...
         Starting Permit User Sessions...
         Starting /etc/rc.local Compatibility...
[  OK  ] Started System Logging Service.
[  OK  ] Started Permit User Sessions.
         Starting Light Display Manager...
[  OK  ] Started LSB: Autogenerate and use a swap file.
[  OK  ] Started xrdp session manager.
         Starting xrdp daemon...
[  OK  ] Started OpenBSD Secure Shell server.
[  OK  ] Started LSB: Switch to ondemand cpu…nor (unless shift key is pressed).

Raspbian GNU/Linux 9 raspberrypi ttyS0
raspberrypi login: [   18.711633] Under-voltage detected! (0x00050005)

Raspbian GNU/Linux 9 raspberrypi ttyS0
raspberrypi login: 
Raspbian GNU/Linux 9 raspberrypi ttyS0
raspberrypi login: root
Password: 
Linux raspberrypi 4.14.50-v7+ #1122 SMP Tue Jun 19 12:26:26 BST 2018 armv7l

The programs included with the Debian GNU/Linux system are free software;
the exact distribution terms for each program are described in the
individual files in /usr/share/doc/*/copyright.

Debian GNU/Linux comes with ABSOLUTELY NO WARRANTY, to the extent
permitted by applicable law.
root@raspberrypi:~# route
Kernel IP routing table
Destination     Gateway         Genmask         Flags Metric Ref    Use Iface
default         192.168.1.1     0.0.0.0         UG    303    0        0 wlan0
192.168.1.0     0.0.0.0         255.255.255.0   U     303    0        0 wlan0
root@raspberrypi:~# su
root@raspberrypi:~# 
root@raspberrypi:~# 
root@raspberrypi:~# ping www.baidu.com
PING www.a.shifen.com (119.75.217.26) 56(84) bytes of data.
64 bytes from 119.75.217.26 (119.75.217.26): icmp_seq=1 ttl=54 time=129 ms
64 bytes from 119.75.217.26 (119.75.217.26): icmp_seq=2 ttl=54 time=64.3 ms
64 bytes from 119.75.217.26 (119.75.217.26): icmp_seq=3 ttl=54 time=48.7 ms
^C
--- www.a.shifen.com ping statistics ---
3 packets transmitted, 3 received, 0% packet loss, time 2001ms
rtt min/avg/max/mdev = 48.790/80.839/129.354/34.890 ms
root@raspberrypi:~# pppd call gprs &
[1] 1088
root@raspberrypi:~# Script /usr/sbin/chat -v -f /etc/chatscripts/gprs-connect-chat finished (pid 1094), status = 0x0
Serial connection established.
using channel 1
Using interface ppp0
Connect: ppp0 <--> /dev/ttyUSB2
sent [LCP ConfReq id=0x1 <asyncmap 0x0> <magic 0x7d8024d9> <pcomp> <accomp>]
rcvd [LCP ConfReq id=0x0 <asyncmap 0x0> <auth chap MD5> <magic 0xd0837ff9> <pcomp> <accomp>]
sent [LCP ConfNak id=0x0 <auth pap>]
rcvd [LCP ConfAck id=0x1 <asyncmap 0x0> <magic 0x7d8024d9> <pcomp> <accomp>]
rcvd [LCP ConfReq id=0x1 <asyncmap 0x0> <auth pap> <magic 0xd0837ff9> <pcomp> <accomp>]
sent [LCP ConfAck id=0x1 <asyncmap 0x0> <auth pap> <magic 0xd0837ff9> <pcomp> <accomp>]
sent [LCP EchoReq id=0x0 magic=0x7d8024d9]
sent [PAP AuthReq id=0x1 user="myusername@realm" password=<hidden>]
rcvd [LCP DiscReq id=0x2 magic=0xd0837ff9]
rcvd [LCP EchoRep id=0x0 magic=0xd0837ff9 7d 80 24 d9]
rcvd [PAP AuthAck id=0x1 ""]
PAP authentication succeeded
sent [CCP ConfReq id=0x1 <deflate 15> <deflate(old#) 15> <bsd v1 15>]
sent [IPCP ConfReq id=0x1 <compress VJ 0f 01> <addr 0.0.0.0> <ms-dns1 0.0.0.0> <ms-dns2 0.0.0.0>]
rcvd [LCP ProtRej id=0x3 80 fd 01 01 00 0f 1a 04 78 00 18 04 78 00 15 03 2f]
Protocol-Reject for 'Compression Control Protocol' (0x80fd) received
rcvd [IPCP ConfNak id=0x1 <ms-dns1 10.11.12.13> <ms-dns2 10.11.12.14> <ms-wins 10.11.12.13> <ms-wins 10.11.12.14>]
sent [IPCP ConfReq id=0x2 <compress VJ 0f 01> <addr 0.0.0.0> <ms-dns1 10.11.12.13> <ms-dns2 10.11.12.14> <ms-wins 10.11.12.13> <ms-wins 10.11.12.14>]
rcvd [IPCP ConfReq id=0x0]
sent [IPCP ConfNak id=0x0 <addr 0.0.0.0>]
rcvd [IPCP ConfRej id=0x2 <compress VJ 0f 01> <ms-wins 10.11.12.13> <ms-wins 10.11.12.14>]
sent [IPCP ConfReq id=0x3 <addr 0.0.0.0> <ms-dns1 10.11.12.13> <ms-dns2 10.11.12.14>]
rcvd [IPCP ConfReq id=0x1]
sent [IPCP ConfAck id=0x1]
rcvd [IPCP ConfNak id=0x3 <addr 10.214.227.58> <ms-dns1 120.196.165.7> <ms-dns2 221.179.38.7>]
sent [IPCP ConfReq id=0x4 <addr 10.214.227.58> <ms-dns1 120.196.165.7> <ms-dns2 221.179.38.7>]
rcvd [IPCP ConfAck id=0x4 <addr 10.214.227.58> <ms-dns1 120.196.165.7> <ms-dns2 221.179.38.7>]
Could not determine remote IP address: defaulting to 10.64.64.64
not replacing default route to wlan0 [192.168.1.1]
local  IP address 10.214.227.58
remote IP address 10.64.64.64
primary   DNS address 120.196.165.7
secondary DNS address 221.179.38.7
Script /etc/ppp/ip-up started (pid 1107)
Script /etc/ppp/ip-up finished (pid 1107), status = 0x0

root@raspberrypi:~# route
Kernel IP routing table
Destination     Gateway         Genmask         Flags Metric Ref    Use Iface
default         192.168.1.1     0.0.0.0         UG    303    0        0 wlan0
10.64.64.64     0.0.0.0         255.255.255.255 UH    0      0        0 ppp0
192.168.1.0     0.0.0.0         255.255.255.0   U     303    0        0 wlan0
root@raspberrypi:~# route del defualt
defualt: Unknown host
root@raspberrypi:~# route del default
root@raspberrypi:~# route
Kernel IP routing table
Destination     Gateway         Genmask         Flags Metric Ref    Use Iface
10.64.64.64     0.0.0.0         255.255.255.255 UH    0      0        0 ppp0
192.168.1.0     0.0.0.0         255.255.255.0   U     303    0        0 wlan0
root@raspberrypi:~# ifconfig
eth0: flags=4099<UP,BROADCAST,MULTICAST>  mtu 1500
        ether b8:27:eb:a8:f8:f3  txqueuelen 1000  (Ethernet)
        RX packets 0  bytes 0 (0.0 B)
        RX errors 0  dropped 0  overruns 0  frame 0
        TX packets 0  bytes 0 (0.0 B)
        TX errors 0  dropped 0 overruns 0  carrier 0  collisions 0

lo: flags=73<UP,LOOPBACK,RUNNING>  mtu 65536
        inet 127.0.0.1  netmask 255.0.0.0
        inet6 ::1  prefixlen 128  scopeid 0x10<host>
        loop  txqueuelen 1000  (Local Loopback)
        RX packets 0  bytes 0 (0.0 B)
        RX errors 0  dropped 0  overruns 0  frame 0
        TX packets 0  bytes 0 (0.0 B)
        TX errors 0  dropped 0 overruns 0  carrier 0  collisions 0

ppp0: flags=4305<UP,POINTOPOINT,RUNNING,NOARP,MULTICAST>  mtu 1500
        inet 10.214.227.58  netmask 255.255.255.255  destination 10.64.64.64
        ppp  txqueuelen 3  (Point-to-Point Protocol)
        RX packets 6  bytes 102 (102.0 B)
        RX errors 0  dropped 0  overruns 0  frame 0
        TX packets 7  bytes 141 (141.0 B)
        TX errors 0  dropped 0 overruns 0  carrier 0  collisions 0

wlan0: flags=4163<UP,BROADCAST,RUNNING,MULTICAST>  mtu 1500
        inet 192.168.1.107  netmask 255.255.255.0  broadcast 192.168.1.255
        inet6 fe80::dd3c:d157:5879:5a45  prefixlen 64  scopeid 0x20<link>
        ether b8:27:eb:fd:ad:a6  txqueuelen 1000  (Ethernet)
        RX packets 138  bytes 139369 (136.1 KiB)
        RX errors 0  dropped 0  overruns 0  frame 0
        TX packets 66  bytes 9070 (8.8 KiB)
        TX errors 0  dropped 0 overruns 0  carrier 0  collisions 0

wwan0: flags=4099<UP,BROADCAST,MULTICAST>  mtu 1500
        ether 7e:c7:c3:50:8d:46  txqueuelen 1000  (Ethernet)
        RX packets 0  bytes 0 (0.0 B)
        RX errors 366  dropped 0  overruns 0  frame 0
        TX packets 0  bytes 0 (0.0 B)
        TX errors 2  dropped 0 overruns 0  carrier 0  collisions 0

root@raspberrypi:~# route add default dev ppp0
root@raspberrypi:~# route
Kernel IP routing table
Destination     Gateway         Genmask         Flags Metric Ref    Use Iface
default         0.0.0.0         0.0.0.0         U     0      0        0 ppp0
10.64.64.64     0.0.0.0         255.255.255.255 UH    0      0        0 ppp0
192.168.1.0     0.0.0.0         255.255.255.0   U     303    0        0 wlan0
root@raspberrypi:~# route
Kernel IP routing table
Destination     Gateway         Genmask         Flags Metric Ref    Use Iface
default         0.0.0.0         0.0.0.0         U     0      0        0 ppp0
10.64.64.64     0.0.0.0         255.255.255.255 UH    0      0        0 ppp0
192.168.1.0     0.0.0.0         255.255.255.0   U     303    0        0 wlan0
root@raspberrypi:~# ping www.baidu.com
PING www.a.shifen.com (183.232.231.172) 56(84) bytes of data.
64 bytes from 183.232.231.172 (183.232.231.172): icmp_seq=1 ttl=56 time=381 ms
64 bytes from 183.232.231.172 (183.232.231.172): icmp_seq=2 ttl=56 time=701 ms
64 bytes from 183.232.231.172 (183.232.231.172): icmp_seq=3 ttl=56 time=421 ms
^C
--- www.a.shifen.com ping statistics ---
4 packets transmitted, 3 received, 25% packet loss, time 18000ms
rtt min/avg/max/mdev = 381.807/501.519/701.183/142.115 ms
root@raspberrypi:~# ping 192.168.1.105
PING 192.168.1.105 (192.168.1.105) 56(84) bytes of data.
64 bytes from 192.168.1.105: icmp_seq=1 ttl=128 time=158 ms
64 bytes from 192.168.1.105: icmp_seq=2 ttl=128 time=4.27 ms
^C
--- 192.168.1.105 ping statistics ---
2 packets transmitted, 2 received, 0% packet loss, time 1001ms
rtt min/avg/max/mdev = 4.271/81.384/158.498/77.114 ms
root@raspberrypi:~# route
Kernel IP routing table
Destination     Gateway         Genmask         Flags Metric Ref    Use Iface
default         0.0.0.0         0.0.0.0         U     0      0        0 ppp0
default         192.168.1.1     0.0.0.0         UG    303    0        0 wlan0
10.64.64.64     0.0.0.0         255.255.255.255 UH    0      0        0 ppp0
192.168.1.0     0.0.0.0         255.255.255.0   U     303    0        0 wlan0
192.168.100.0   0.0.0.0         255.255.255.0   U     202    0        0 eth0
root@raspberrypi:~# ping www.baidu.com
PING www.a.shifen.com (183.232.231.174) 56(84) bytes of data.
64 bytes from 183.232.231.174 (183.232.231.174): icmp_seq=1 ttl=56 time=423 ms
64 bytes from 183.232.231.174 (183.232.231.174): icmp_seq=2 ttl=56 time=430 ms
64 bytes from 183.232.231.174 (183.232.231.174): icmp_seq=3 ttl=56 time=817 ms
64 bytes from 183.232.231.174 (183.232.231.174): icmp_seq=4 ttl=56 time=360 ms
64 bytes from 183.232.231.174 (183.232.231.174): icmp_seq=5 ttl=56 time=906 ms
64 bytes from 183.232.231.174 (183.232.231.174): icmp_seq=6 ttl=56 time=328 ms
64 bytes from 183.232.231.174 (183.232.231.174): icmp_seq=7 ttl=56 time=1029 ms
64 bytes from 183.232.231.174 (183.232.231.174): icmp_seq=8 ttl=56 time=481 ms
64 bytes from 183.232.231.174 (183.232.231.174): icmp_seq=9 ttl=56 time=745 ms
64 bytes from 183.232.231.174 (183.232.231.174): icmp_seq=10 ttl=56 time=388 ms
64 bytes from 183.232.231.174 (183.232.231.174): icmp_seq=11 ttl=56 time=728 ms
64 bytes from 183.232.231.174 (183.232.231.174): icmp_seq=12 ttl=56 time=750 ms
64 bytes from 183.232.231.174 (183.232.231.174): icmp_seq=13 ttl=56 time=291 ms
^C
--- www.a.shifen.com ping statistics ---
14 packets transmitted, 13 received, 7% packet loss, time 13054ms
rtt min/avg/max/mdev = 291.165/590.861/1029.083/236.923 ms
root@raspberrypi:~# ifconfig wlan0 down
root@raspberrypi:~# ifconfig
eth0: flags=4163<UP,BROADCAST,RUNNING,MULTICAST>  mtu 1500
        inet 192.168.100.100  netmask 255.255.255.0  broadcast 192.168.100.255
        inet6 fd51:42f8:caae:d92e::ff  prefixlen 64  scopeid 0x0<global>
        inet6 fe80::fb5f:c3b8:d693:a6e9  prefixlen 64  scopeid 0x20<link>
        ether b8:27:eb:a8:f8:f3  txqueuelen 1000  (Ethernet)
        RX packets 51  bytes 4630 (4.5 KiB)
        RX errors 0  dropped 0  overruns 0  frame 0
        TX packets 37  bytes 4814 (4.7 KiB)
        TX errors 0  dropped 0 overruns 0  carrier 0  collisions 0

lo: flags=73<UP,LOOPBACK,RUNNING>  mtu 65536
        inet 127.0.0.1  netmask 255.0.0.0
        inet6 ::1  prefixlen 128  scopeid 0x10<host>
        loop  txqueuelen 1000  (Local Loopback)
        RX packets 1  bytes 102 (102.0 B)
        RX errors 0  dropped 0  overruns 0  frame 0
        TX packets 1  bytes 102 (102.0 B)
        TX errors 0  dropped 0 overruns 0  carrier 0  collisions 0

ppp0: flags=4305<UP,POINTOPOINT,RUNNING,NOARP,MULTICAST>  mtu 1500
        inet 10.214.227.58  netmask 255.255.255.255  destination 10.64.64.64
        ppp  txqueuelen 3  (Point-to-Point Protocol)
        RX packets 37  bytes 2883 (2.8 KiB)
        RX errors 0  dropped 0  overruns 0  frame 0
        TX packets 41  bytes 2769 (2.7 KiB)
        TX errors 0  dropped 0 overruns 0  carrier 0  collisions 0

wwan0: flags=4099<UP,BROADCAST,MULTICAST>  mtu 1500
        ether 7e:c7:c3:50:8d:46  txqueuelen 1000  (Ethernet)
        RX packets 0  bytes 0 (0.0 B)
        RX errors 414  dropped 0  overruns 0  frame 0
        TX packets 0  bytes 0 (0.0 B)
        TX errors 2  dropped 0 overruns 0  carrier 0  collisions 0

root@raspberrypi:~# route
Kernel IP routing table
Destination     Gateway         Genmask         Flags Metric Ref    Use Iface
default         0.0.0.0         0.0.0.0         U     0      0        0 ppp0
10.64.64.64     0.0.0.0         255.255.255.255 UH    0      0        0 ppp0
192.168.100.0   0.0.0.0         255.255.255.0   U     202    0        0 eth0
root@raspberrypi:~# ping www.baidu.com
PING www.a.shifen.com (183.232.231.174) 56(84) bytes of data.
64 bytes from 183.232.231.174 (183.232.231.174): icmp_seq=1 ttl=56 time=419 ms
64 bytes from 183.232.231.174 (183.232.231.174): icmp_seq=2 ttl=56 time=300 ms
^C
--- www.a.shifen.com ping statistics ---
3 packets transmitted, 2 received, 33% packet loss, time 1999ms
rtt min/avg/max/mdev = 300.912/360.026/419.140/59.114 ms
root@raspberrypi:~# ifconfig
eth0: flags=4163<UP,BROADCAST,RUNNING,MULTICAST>  mtu 1500
        inet 192.168.100.100  netmask 255.255.255.0  broadcast 192.168.100.255
        inet6 fd51:42f8:caae:d92e::ff  prefixlen 64  scopeid 0x0<global>
        inet6 fe80::fb5f:c3b8:d693:a6e9  prefixlen 64  scopeid 0x20<link>
        ether b8:27:eb:a8:f8:f3  txqueuelen 1000  (Ethernet)
        RX packets 51  bytes 4630 (4.5 KiB)
        RX errors 0  dropped 0  overruns 0  frame 0
        TX packets 37  bytes 4814 (4.7 KiB)
        TX errors 0  dropped 0 overruns 0  carrier 0  collisions 0

lo: flags=73<UP,LOOPBACK,RUNNING>  mtu 65536
        inet 127.0.0.1  netmask 255.0.0.0
        inet6 ::1  prefixlen 128  scopeid 0x10<host>
        loop  txqueuelen 1000  (Local Loopback)
        RX packets 1  bytes 102 (102.0 B)
        RX errors 0  dropped 0  overruns 0  frame 0
        TX packets 1  bytes 102 (102.0 B)
        TX errors 0  dropped 0 overruns 0  carrier 0  collisions 0

ppp0: flags=4305<UP,POINTOPOINT,RUNNING,NOARP,MULTICAST>  mtu 1500
        inet 10.214.227.58  netmask 255.255.255.255  destination 10.64.64.64
        ppp  txqueuelen 3  (Point-to-Point Protocol)
        RX packets 44  bytes 3533 (3.4 KiB)
        RX errors 0  dropped 0  overruns 0  frame 0
        TX packets 50  bytes 3435 (3.3 KiB)
        TX errors 0  dropped 0 overruns 0  carrier 0  collisions 0

wwan0: flags=4099<UP,BROADCAST,MULTICAST>  mtu 1500
        ether 7e:c7:c3:50:8d:46  txqueuelen 1000  (Ethernet)
        RX packets 0  bytes 0 (0.0 B)
        RX errors 428  dropped 0  overruns 0  frame 0
        TX packets 0  bytes 0 (0.0 B)
        TX errors 2  dropped 0 overruns 0  carrier 0  collisions 0

root@raspberrypi:~# route
Kernel IP routing table
Destination     Gateway         Genmask         Flags Metric Ref    Use Iface
default         0.0.0.0         0.0.0.0         U     0      0        0 ppp0
10.64.64.64     0.0.0.0         255.255.255.255 UH    0      0        0 ppp0
192.168.100.0   0.0.0.0         255.255.255.0   U     202    0        0 eth0
root@raspberrypi:~# ifconfig wlan0 up
root@raspberrypi:~# ifconfig wlan0
wlan0: flags=4163<UP,BROADCAST,RUNNING,MULTICAST>  mtu 1500
        inet 192.168.1.107  netmask 255.255.255.0  broadcast 192.168.1.255
        inet6 fe80::dd3c:d157:5879:5a45  prefixlen 64  scopeid 0x20<link>
        ether b8:27:eb:fd:ad:a6  txqueuelen 1000  (Ethernet)
        RX packets 323  bytes 306684 (299.4 KiB)
        RX errors 0  dropped 0  overruns 0  frame 0
        TX packets 106  bytes 15146 (14.7 KiB)
        TX errors 0  dropped 0 overruns 0  carrier 0  collisions 0

root@raspberrypi:~# ping www.baidu.com
PING www.a.shifen.com (183.232.231.172) 56(84) bytes of data.
64 bytes from 183.232.231.172: icmp_seq=1 ttl=56 time=615 ms
64 bytes from 183.232.231.172: icmp_seq=2 ttl=56 time=744 ms
64 bytes from 183.232.231.172: icmp_seq=3 ttl=56 time=302 ms
64 bytes from 183.232.231.172: icmp_seq=4 ttl=56 time=1119 ms
64 bytes from 183.232.231.172: icmp_seq=5 ttl=56 time=714 ms
^C
--- www.a.shifen.com ping statistics ---
5 packets transmitted, 5 received, 0% packet loss, time 31647ms
rtt min/avg/max/mdev = 302.523/699.058/1119.057/261.894 ms, pipe 2
root@raspberrypi:~# route
Kernel IP routing table
Destination     Gateway         Genmask         Flags Metric Ref    Use Iface
default         0.0.0.0         0.0.0.0         U     0      0        0 ppp0
default         192.168.1.1     0.0.0.0         UG    303    0        0 wlan0
10.64.64.64     0.0.0.0         255.255.255.255 UH    0      0        0 ppp0
192.168.1.0     0.0.0.0         255.255.255.0   U     303    0        0 wlan0
192.168.100.0   0.0.0.0         255.255.255.0   U     202    0        0 eth0
root@raspberrypi:~# ping www.baidu.com
PING www.a.shifen.com (183.232.231.174) 56(84) bytes of data.
64 bytes from 183.232.231.174 (183.232.231.174): icmp_seq=1 ttl=56 time=455 ms
64 bytes from 183.232.231.174 (183.232.231.174): icmp_seq=2 ttl=56 time=355 ms
64 bytes from 183.232.231.174 (183.232.231.174): icmp_seq=4 ttl=56 time=5005 ms
64 bytes from 183.232.231.174 (183.232.231.174): icmp_seq=5 ttl=56 time=4003 ms
64 bytes from 183.232.231.174 (183.232.231.174): icmp_seq=6 ttl=56 time=3303 ms
64 bytes from 183.232.231.174 (183.232.231.174): icmp_seq=7 ttl=56 time=2545 ms
64 bytes from 183.232.231.174 (183.232.231.174): icmp_seq=8 ttl=56 time=1523 ms
64 bytes from 183.232.231.174 (183.232.231.174): icmp_seq=9 ttl=56 time=925 ms
64 bytes from 183.232.231.174 (183.232.231.174): icmp_seq=10 ttl=56 time=503 ms
64 bytes from 183.232.231.174 (183.232.231.174): icmp_seq=11 ttl=56 time=245 ms
64 bytes from 183.232.231.174 (183.232.231.174): icmp_seq=12 ttl=56 time=1020 ms
64 bytes from 183.232.231.174 (183.232.231.174): icmp_seq=13 ttl=56 time=521 ms
64 bytes from 183.232.231.174 (183.232.231.174): icmp_seq=14 ttl=56 time=521 ms
64 bytes from 183.232.231.174 (183.232.231.174): icmp_seq=15 ttl=56 time=576 ms
64 bytes from 183.232.231.174 (183.232.231.174): icmp_seq=16 ttl=56 time=358 ms
64 bytes from 183.232.231.174 (183.232.231.174): icmp_seq=17 ttl=56 time=1392 ms
64 bytes from 183.232.231.174 (183.232.231.174): icmp_seq=18 ttl=56 time=1002 ms
64 bytes from 183.232.231.174 (183.232.231.174): icmp_seq=19 ttl=56 time=683 ms
64 bytes from 183.232.231.174 (183.232.231.174): icmp_seq=20 ttl=56 time=325 ms
64 bytes from 183.232.231.174 (183.232.231.174): icmp_seq=21 ttl=56 time=971 ms
64 bytes from 183.232.231.174 (183.232.231.174): icmp_seq=22 ttl=56 time=393 ms
64 bytes from 183.232.231.174 (183.232.231.174): icmp_seq=23 ttl=56 time=1338 ms
64 bytes from 183.232.231.174 (183.232.231.174): icmp_seq=24 ttl=56 time=285 ms
64 bytes from 183.232.231.174 (183.232.231.174): icmp_seq=25 ttl=56 time=909 ms
64 bytes from 183.232.231.174 (183.232.231.174): icmp_seq=26 ttl=56 time=271 ms
64 bytes from 183.232.231.174 (183.232.231.174): icmp_seq=27 ttl=56 time=971 ms
64 bytes from 183.232.231.174 (183.232.231.174): icmp_seq=28 ttl=56 time=415 ms
64 bytes from 183.232.231.174 (183.232.231.174): icmp_seq=29 ttl=56 time=413 ms
64 bytes from 183.232.231.174 (183.232.231.174): icmp_seq=30 ttl=56 time=1213 ms
64 bytes from 183.232.231.174 (183.232.231.174): icmp_seq=31 ttl=56 time=643 ms
64 bytes from 183.232.231.174 (183.232.231.174): icmp_seq=32 ttl=56 time=1105 ms
64 bytes from 183.232.231.174 (183.232.231.174): icmp_seq=33 ttl=56 time=349 ms
64 bytes from 183.232.231.174 (183.232.231.174): icmp_seq=34 ttl=56 time=1408 ms
64 bytes from 183.232.231.174 (183.232.231.174): icmp_seq=35 ttl=56 time=330 ms
64 bytes from 183.232.231.174 (183.232.231.174): icmp_seq=36 ttl=56 time=1207 ms
64 bytes from 183.232.231.174 (183.232.231.174): icmp_seq=37 ttl=56 time=410 ms
64 bytes from 183.232.231.174 (183.232.231.174): icmp_seq=38 ttl=56 time=891 ms
64 bytes from 183.232.231.174 (183.232.231.174): icmp_seq=39 ttl=56 time=553 ms
64 bytes from 183.232.231.174 (183.232.231.174): icmp_seq=40 ttl=56 time=954 ms
64 bytes from 183.232.231.174 (183.232.231.174): icmp_seq=41 ttl=56 time=356 ms
64 bytes from 183.232.231.174 (183.232.231.174): icmp_seq=42 ttl=56 time=454 ms
64 bytes from 183.232.231.174 (183.232.231.174): icmp_seq=43 ttl=56 time=1196 ms
64 bytes from 183.232.231.174 (183.232.231.174): icmp_seq=44 ttl=56 time=517 ms
64 bytes from 183.232.231.174 (183.232.231.174): icmp_seq=45 ttl=56 time=1360 ms
64 bytes from 183.232.231.174 (183.232.231.174): icmp_seq=46 ttl=56 time=298 ms
64 bytes from 183.232.231.174 (183.232.231.174): icmp_seq=47 ttl=56 time=1176 ms
64 bytes from 183.232.231.174 (183.232.231.174): icmp_seq=48 ttl=56 time=517 ms
64 bytes from 183.232.231.174 (183.232.231.174): icmp_seq=49 ttl=56 time=385 ms
64 bytes from 183.232.231.174 (183.232.231.174): icmp_seq=50 ttl=56 time=269 ms
64 bytes from 183.232.231.174 (183.232.231.174): icmp_seq=51 ttl=56 time=880 ms
64 bytes from 183.232.231.174 (183.232.231.174): icmp_seq=52 ttl=56 time=597 ms
64 bytes from 183.232.231.174 (183.232.231.174): icmp_seq=53 ttl=56 time=226 ms
64 bytes from 183.232.231.174 (183.232.231.174): icmp_seq=54 ttl=56 time=686 ms
64 bytes from 183.232.231.174 (183.232.231.174): icmp_seq=55 ttl=56 time=537 ms
64 bytes from 183.232.231.174 (183.232.231.174): icmp_seq=56 ttl=56 time=1053 ms
64 bytes from 183.232.231.174 (183.232.231.174): icmp_seq=57 ttl=56 time=174 ms
64 bytes from 183.232.231.174 (183.232.231.174): icmp_seq=58 ttl=56 time=1030 ms
64 bytes from 183.232.231.174 (183.232.231.174): icmp_seq=59 ttl=56 time=507 ms
64 bytes from 183.232.231.174 (183.232.231.174): icmp_seq=60 ttl=56 time=973 ms
64 bytes from 183.232.231.174 (183.232.231.174): icmp_seq=61 ttl=56 time=233 ms
64 bytes from 183.232.231.174 (183.232.231.174): icmp_seq=62 ttl=56 time=681 ms
64 bytes from 183.232.231.174 (183.232.231.174): icmp_seq=63 ttl=56 time=284 ms
64 bytes from 183.232.231.174 (183.232.231.174): icmp_seq=64 ttl=56 time=1373 ms
64 bytes from 183.232.231.174 (183.232.231.174): icmp_seq=65 ttl=56 time=333 ms
64 bytes from 183.232.231.174 (183.232.231.174): icmp_seq=66 ttl=56 time=2162 ms
64 bytes from 183.232.231.174 (183.232.231.174): icmp_seq=67 ttl=56 time=1125 ms
64 bytes from 183.232.231.174 (183.232.231.174): icmp_seq=68 ttl=56 time=223 ms
64 bytes from 183.232.231.174 (183.232.231.174): icmp_seq=69 ttl=56 time=1028 ms
64 bytes from 183.232.231.174 (183.232.231.174): icmp_seq=70 ttl=56 time=360 ms
64 bytes from 183.232.231.174 (183.232.231.174): icmp_seq=71 ttl=56 time=661 ms
64 bytes from 183.232.231.174 (183.232.231.174): icmp_seq=72 ttl=56 time=1661 ms
^C
--- www.a.shifen.com ping statistics ---
73 packets transmitted, 71 received, 2% packet loss, time 73108ms
rtt min/avg/max/mdev = 174.537/896.315/5005.722/831.800 ms, pipe 5
root@raspberrypi:~# ping www.baidu.com
PING www.a.shifen.com (183.232.231.172) 56(84) bytes of data.
64 bytes from 183.232.231.172 (183.232.231.172): icmp_seq=1 ttl=56 time=160 ms
64 bytes from 183.232.231.172 (183.232.231.172): icmp_seq=2 ttl=56 time=344 ms
64 bytes from 183.232.231.172 (183.232.231.172): icmp_seq=3 ttl=56 time=1044 ms
64 bytes from 183.232.231.172 (183.232.231.172): icmp_seq=4 ttl=56 time=126 ms
64 bytes from 183.232.231.172 (183.232.231.172): icmp_seq=5 ttl=56 time=748 ms
64 bytes from 183.232.231.172 (183.232.231.172): icmp_seq=6 ttl=56 time=254 ms
^C
--- www.a.shifen.com ping statistics ---
7 packets transmitted, 6 received, 14% packet loss, time 6040ms
rtt min/avg/max/mdev = 126.856/446.413/1044.873/336.759 ms, pipe 2
root@raspberrypi:~# ping www.baidu.com
PING www.a.shifen.com (183.232.231.172) 56(84) bytes of data.
64 bytes from 183.232.231.172 (183.232.231.172): icmp_seq=1 ttl=56 time=99.9 ms
64 bytes from 183.232.231.172 (183.232.231.172): icmp_seq=2 ttl=56 time=891 ms
64 bytes from 183.232.231.172 (183.232.231.172): icmp_seq=3 ttl=56 time=407 ms
^C
--- www.a.shifen.com ping statistics ---
3 packets transmitted, 3 received, 0% packet loss, time 1999ms
rtt min/avg/max/mdev = 99.954/466.504/891.937/325.995 ms
root@raspberrypi:~# reboot

Session termina[  566.368058] reboot: Restarting system
[    0.000000] Booting Linux on physical CPU 0x0
[    0.000000] Linux version 4.14.50-v7+ (dc4@dc4-XPS13-9333) (gcc version 4.9.3 (crosstool-NG crosstool-ng-1.22.0-88-g8460611)) #1122 SMP Tue Jun 19 12:26:26 BST 2018
[    0.000000] CPU: ARMv7 Processor [410fd034] revision 4 (ARMv7), cr=10c5383d
[    0.000000] CPU: div instructions available: patching division code
[    0.000000] CPU: PIPT / VIPT nonaliasing data cache, VIPT aliasing instruction cache
[    0.000000] OF: fdt: Machine model: Raspberry Pi 3 Model B Plus Rev 1.3
[    0.000000] Memory policy: Data cache writealloc
[    0.000000] cma: Reserved 8 MiB at 0x37800000
[    0.000000] percpu: Embedded 17 pages/cpu @b6fbf000 s38720 r8192 d22720 u69632
[    0.000000] Built 1 zonelists, mobility grouping on.  Total pages: 227360
[    0.000000] Kernel command line: 8250.nr_uarts=1 bcm2708_fb.fbwidth=800 bcm2708_fb.fbheight=480 bcm2708_fb.fbswap=1 vc_mem.mem_base=0x3ec00000 vc_mem.mem_size=0x40000000  dwc_otg.lpm_enable=0 console=tty1 console=ttyS0,115200 root=/dev/mmcblk0p2 rootfstype=ext4 elevator=deadline rootwait fbcon=map:10 fbcon=font:ProFont6x11 logo.nologo
[    0.000000] PID hash table entries: 4096 (order: 2, 16384 bytes)
[    0.000000] Dentry cache hash table entries: 131072 (order: 7, 524288 bytes)
[    0.000000] Inode-cache hash table entries: 65536 (order: 6, 262144 bytes)
[    0.000000] Memory: 887456K/917504K available (7168K kernel code, 575K rwdata, 2072K rodata, 1024K init, 706K bss, 21856K reserved, 8192K cma-reserved)
[    0.000000] Virtual kernel memory layout:
[    0.000000]     vector  : 0xffff0000 - 0xffff1000   (   4 kB)
[    0.000000]     fixmap  : 0xffc00000 - 0xfff00000   (3072 kB)
[    0.000000]     vmalloc : 0xb8800000 - 0xff800000   (1136 MB)
[    0.000000]     lowmem  : 0x80000000 - 0xb8000000   ( 896 MB)
[    0.000000]     modules : 0x7f000000 - 0x80000000   (  16 MB)
[    0.000000]       .text : 0x80008000 - 0x80800000   (8160 kB)
[    0.000000]       .init : 0x80b00000 - 0x80c00000   (1024 kB)
[    0.000000]       .data : 0x80c00000 - 0x80c8fef4   ( 576 kB)
[    0.000000]        .bss : 0x80c96f40 - 0x80d478b4   ( 707 kB)
[    0.000000] SLUB: HWalign=64, Order=0-3, MinObjects=0, CPUs=4, Nodes=1
[    0.000000] ftrace: allocating 25253 entries in 75 pages
[    0.000000] Hierarchical RCU implementation.
[    0.000000] NR_IRQS: 16, nr_irqs: 16, preallocated irqs: 16
[    0.000000] arch_timer: cp15 timer(s) running at 19.20MHz (phys).
[    0.000000] clocksource: arch_sys_counter: mask: 0xffffffffffffff max_cycles: 0x46d987e47, max_idle_ns: 440795202767 ns
[    0.000007] sched_clock: 56 bits at 19MHz, resolution 52ns, wraps every 4398046511078ns
[    0.000022] Switching to timer-based delay loop, resolution 52ns
[    0.000271] Console: colour dummy device 80x30
[    0.000812] console [tty1] enabled
[    0.000853] Calibrating delay loop (skipped), value calculated using timer frequency.. 38.40 BogoMIPS (lpj=192000)
[    0.000894] pid_max: default: 32768 minimum: 301
[    0.001225] Mount-cache hash table entries: 2048 (order: 1, 8192 bytes)
[    0.001258] Mountpoint-cache hash table entries: 2048 (order: 1, 8192 bytes)
[    0.002212] Disabling memory control group subsystem
[    0.002311] CPU: Testing write buffer coherency: ok
[    0.002724] CPU0: thread -1, cpu 0, socket 0, mpidr 80000000
[    0.003117] Setting up static identity map for 0x100000 - 0x10003c
[    0.003251] Hierarchical SRCU implementation.
[    0.003904] smp: Bringing up secondary CPUs ...
[    0.004611] CPU1: thread -1, cpu 1, socket 0, mpidr 80000001
[    0.005361] CPU2: thread -1, cpu 2, socket 0, mpidr 80000002
[    0.006094] CPU3: thread -1, cpu 3, socket 0, mpidr 80000003
[    0.006198] smp: Brought up 1 node, 4 CPUs
[    0.006269] SMP: Total of 4 processors activated (153.60 BogoMIPS).
[    0.006290] CPU: All CPU(s) started in HYP mode.
[    0.006308] CPU: Virtualization extensions available.
[    0.007165] devtmpfs: initialized
[    0.017143] random: get_random_u32 called from bucket_table_alloc+0xfc/0x24c with crng_init=0
[    0.017836] VFP support v0.3: implementor 41 architecture 3 part 40 variant 3 rev 4
[    0.018075] clocksource: jiffies: mask: 0xffffffff max_cycles: 0xffffffff, max_idle_ns: 19112604462750000 ns
[    0.018119] futex hash table entries: 1024 (order: 4, 65536 bytes)
[    0.018690] pinctrl core: initialized pinctrl subsystem
[    0.019449] NET: Registered protocol family 16
[    0.022084] DMA: preallocated 1024 KiB pool for atomic coherent allocations
[    0.026874] hw-breakpoint: found 5 (+1 reserved) breakpoint and 4 watchpoint registers.
[    0.026906] hw-breakpoint: maximum watchpoint size is 8 bytes.
[    0.027137] Serial: AMBA PL011 UART driver
[    0.028766] bcm2835-mbox 3f00b880.mailbox: mailbox enabled
[    0.029235] uart-pl011 3f201000.serial: could not find pctldev for node /soc/gpio@7e200000/uart0_pins, deferring probe
[    0.060975] bcm2835-dma 3f007000.dma: DMA legacy API manager at b8813000, dmachans=0x1
[    0.062408] SCSI subsystem initialized
[    0.062648] usbcore: registered new interface driver usbfs
[    0.062718] usbcore: registered new interface driver hub
[    0.062819] usbcore: registered new device driver usb
[    0.070072] raspberrypi-firmware soc:firmware: Attached to firmware from 2018-06-07 15:37
[    0.071397] clocksource: Switched to clocksource arch_sys_counter
[    0.148309] VFS: Disk quotas dquot_6.6.0
[    0.148422] VFS: Dquot-cache hash table entries: 1024 (order 0, 4096 bytes)
[    0.148624] FS-Cache: Loaded
[    0.148838] CacheFiles: Loaded
[    0.157636] NET: Registered protocol family 2
[    0.158375] TCP established hash table entries: 8192 (order: 3, 32768 bytes)
[    0.158505] TCP bind hash table entries: 8192 (order: 4, 65536 bytes)
[    0.158706] TCP: Hash tables configured (established 8192 bind 8192)
[    0.158852] UDP hash table entries: 512 (order: 2, 16384 bytes)
[    0.158913] UDP-Lite hash table entries: 512 (order: 2, 16384 bytes)
[    0.159158] NET: Registered protocol family 1
[    0.159613] RPC: Registered named UNIX socket transport module.
[    0.159637] RPC: Registered udp transport module.
[    0.159656] RPC: Registered tcp transport module.
[    0.159675] RPC: Registered tcp NFSv4.1 backchannel transport module.
[    0.161158] hw perfevents: enabled with armv7_cortex_a7 PMU driver, 7 counters available
[    0.163938] workingset: timestamp_bits=14 max_order=18 bucket_order=4
[    0.171907] FS-Cache: Netfs 'nfs' registered for caching
[    0.172516] NFS: Registering the id_resolver key type
[    0.172560] Key type id_resolver registered
[    0.172579] Key type id_legacy registered
[    0.172607] nfs4filelayout_init: NFSv4 File Layout Driver Registering...
[    0.174496] Block layer SCSI generic (bsg) driver version 0.4 loaded (major 251)
[    0.174645] io scheduler noop registered
[    0.174666] io scheduler deadline registered (default)
[    0.174954] io scheduler cfq registered
[    0.174975] io scheduler mq-deadline registered
[    0.174996] io scheduler kyber registered
[    0.177299] BCM2708FB: allocated DMA memory f7900000
[    0.177343] BCM2708FB: allocated DMA channel 0 @ b8813000
[    0.188823] Console: switching to colour frame buffer device 100x30
[    0.199491] Serial: 8250/16550 driver, 1 ports, IRQ sharing enabled
[    0.204182] bcm2835-rng 3f104000.rng: hwrng registered
[    0.207603] vc-mem: phys_addr:0x00000000 mem_base=0x3ec00000 mem_size:0x40000000(1024 MiB)
[    0.211565] vc-sm: Videocore shared memory driver
[    0.215211] gpiomem-bcm2835 3f200000.gpiomem: Initialised: Registers at 0x3f200000
[    0.228205] brd: module loaded
[    0.240222] loop: module loaded
[    0.243616] Loading iSCSI transport class v2.0-870.
[    0.247605] libphy: Fixed MDIO Bus: probed
[    0.251057] usbcore: registered new interface driver lan78xx
[    0.254638] usbcore: registered new interface driver smsc95xx
[    0.258087] dwc_otg: version 3.00a 10-AUG-2012 (platform bus)
[    0.489594] Core Release: 2.80a
[    0.492925] Setting default values for core params
[    0.496225] Finished setting default values for core params
[    0.699737] Using Buffer DMA mode
[    0.702978] Periodic Transfer Interrupt Enhancement - disabled
[    0.706288] Multiprocessor Interrupt Enhancement - disabled
[    0.709660] OTG VER PARAM: 0, OTG VER FLAG: 0
[    0.712995] Dedicated Tx FIFOs mode
[    0.716630] WARN::dwc_otg_hcd_init:1046: FIQ DMA bounce buffers: virt = 0xb7914000 dma = 0xf7914000 len=9024
[    0.723358] FIQ FSM acceleration enabled for :
[    0.723358] Non-periodic Split Transactions
[    0.723358] Periodic Split Transactions
[    0.723358] High-Speed Isochronous Endpoints
[    0.723358] Interrupt/Control Split Transaction hack enabled
[    0.740573] WARN::hcd_init_fiq:459: FIQ on core 1 at 0x805e7d20
[    0.744143] WARN::hcd_init_fiq:460: FIQ ASM at 0x805e8088 length 36
[    0.747667] WARN::hcd_init_fiq:486: MPHI regs_base at 0xb887e000
[    0.751204] dwc_otg 3f980000.usb: DWC OTG Controller
[    0.754684] dwc_otg 3f980000.usb: new USB bus registered, assigned bus number 1
[    0.758132] dwc_otg 3f980000.usb: irq 62, io mem 0x00000000
[    0.761516] Init: Port Power? op_state=1
[    0.764744] Init: Power Port (0)
[    0.768048] usb usb1: New USB device found, idVendor=1d6b, idProduct=0002
[    0.771337] usb usb1: New USB device strings: Mfr=3, Product=2, SerialNumber=1
[    0.774657] usb usb1: Product: DWC OTG Controller
[    0.777928] usb usb1: Manufacturer: Linux 4.14.50-v7+ dwc_otg_hcd
[    0.781222] usb usb1: SerialNumber: 3f980000.usb
[    0.785154] hub 1-0:1.0: USB hub found
[    0.788472] hub 1-0:1.0: 1 port detected
[    0.792461] usbcore: registered new interface driver usb-storage
[    0.795924] mousedev: PS/2 mouse device common for all mice
[    0.799282] IR NEC protocol handler initialized
[    0.802575] IR RC5(x/sz) protocol handler initialized
[    0.805832] IR RC6 protocol handler initialized
[    0.809044] IR JVC protocol handler initialized
[    0.812208] IR Sony protocol handler initialized
[    0.815339] IR SANYO protocol handler initialized
[    0.818369] IR Sharp protocol handler initialized
[    0.821218] IR MCE Keyboard/mouse protocol handler initialized
[    0.824130] IR XMP protocol handler initialized
[    0.827703] bcm2835-wdt 3f100000.watchdog: Broadcom BCM2835 watchdog timer
[    0.830987] bcm2835-cpufreq: min=600000 max=1400000
[    0.834413] sdhci: Secure Digital Host Controller Interface driver
[    0.837497] sdhci: Copyright(c) Pierre Ossman
[    0.840874] mmc-bcm2835 3f300000.mmc: could not get clk, deferring probe
[    0.844370] sdhost-bcm2835 3f202000.mmc: could not get clk, deferring probe
[    0.847680] sdhci-pltfm: SDHCI platform and OF driver helper
[    0.852290] ledtrig-cpu: registered to indicate activity on CPUs
[    0.855654] hidraw: raw HID events driver (C) Jiri Kosina
[    0.859043] usbcore: registered new interface driver usbhid
[    0.862287] usbhid: USB HID core driver
[    0.866101] vchiq: vchiq_init_state: slot_zero = b7980000, is_master = 0
[    0.870803] [vc_sm_connected_init]: start
[    0.879642] [vc_sm_connected_init]: end - returning 0
[    0.883439] Initializing XFRM netlink socket
[    0.886647] NET: Registered protocol family 17
[    0.889915] Key type dns_resolver registered
[    0.893539] Registering SWP/SWPB emulation handler
[    0.897320] registered taskstats version 1
[    0.906345] uart-pl011 3f201000.serial: cts_event_workaround enabled
[    0.909693] 3f201000.serial: ttyAMA0 at MMIO 0x3f201000 (irq = 87, base_baud = 0) is a PL011 rev2
[    0.914635] console [ttyS0] disabled
[    0.918002] 3f215040.serial: ttyS0 at MMIO 0x0 (irq = 166, base_baud = 31250000) is a 16550
[    1.968851] console [ttyS0] enabled
[    1.976842] mmc-bcm2835 3f300000.mmc: mmc_debug:0 mmc_debug2:0
[    1.986439] mmc-bcm2835 3f300000.mmc: DMA channel allocated
[    2.052023] sdhost: log_buf @ b7913000 (f7913000)
[    2.096823] mmc1: queuing unknown CIS tuple 0x80 (2 bytes)
[    2.106232] Indeed it is in host mode hprt0 = 00021501
[    2.176505] mmc1: queuing unknown CIS tuple 0x80 (3 bytes)
[    2.187374] mmc1: queuing unknown CIS tuple 0x80 (3 bytes)
[    2.197166] random: fast init done
[    2.201422] mmc0: sdhost-bcm2835 loaded - DMA enabled (>1)
[    2.202443] of_cfs_init
[    2.202534] of_cfs_init: OK
[    2.225720] Waiting for root device /dev/mmcblk0p2...
[    2.228575] mmc1: queuing unknown CIS tuple 0x80 (7 bytes)
[    2.268667] mmc0: host does not support reading read-only switch, assuming write-enable
[    2.283224] mmc0: new high speed SDHC card at address 59b4
[    2.292846] mmcblk0: mmc0:59b4 SD32G 29.2 GiB
[    2.302104]  mmcblk0: p1 p2
[    2.321426] usb 1-1: new high-speed USB device number 2 using dwc_otg
[    2.331614] Indeed it is in host mode hprt0 = 00001101
[    2.343950] EXT4-fs (mmcblk0p2): mounted filesystem with ordered data mode. Opts: (null)
[    2.355862] VFS: Mounted root (ext4 filesystem) readonly on device 179:2.
[    2.404417] devtmpfs: mounted
[    2.407633] mmc1: new high speed SDIO card at address 0001
[    2.423322] Freeing unused kernel memory: 1024K
[    2.581730] usb 1-1: New USB device found, idVendor=0424, idProduct=2514
[    2.592422] usb 1-1: New USB device strings: Mfr=0, Product=0, SerialNumber=0
[    2.604098] hub 1-1:1.0: USB hub found
[    2.611643] hub 1-1:1.0: 4 ports detected
[    2.886175] systemd[1]: System time before build time, advancing clock.
[    2.931442] usb 1-1.1: new high-speed USB device number 3 using dwc_otg
[    3.046485] NET: Registered protocol family 10
[    3.055743] Segment Routing with IPv6
[    3.071753] usb 1-1.1: New USB device found, idVendor=0424, idProduct=2514
[    3.072961] ip_tables: (C) 2000-2006 Netfilter Core Team
[    3.091441] usb 1-1.1: New USB device strings: Mfr=0, Product=0, SerialNumber=0
[    3.092354] random: systemd: uninitialized urandom read (16 bytes read)
[    3.113755] hub 1-1.1:1.0: USB hub found
[    3.123747] systemd[1]: systemd 232 running in system mode. (+PAM +AUDIT +SELINUX +IMA +APPARMOR +SMACK +SYSVINIT +UTMP +LIBCRYPTSETUP +GCRYPT +GNUTLS +ACL +XZ +LZ4 +SECCOMP +BLKID +ELFUTILS +KMOD +IDN)
[    3.154075] hub 1-1.1:1.0: 3 ports detected
[    3.162012] systemd[1]: Detected architecture arm.

Welcome to Raspbian GNU/Linux 9 (stretch)!

[    3.202441] systemd[1]: Set hostname to <raspberrypi>.
[    3.254192] random: systemd: uninitialized urandom read (16 bytes read)
[    3.300199] random: systemd-cryptse: uninitialized urandom read (16 bytes read)
[    3.524502] dwc_otg_handle_wakeup_detected_intr lxstate = 2
[    3.870691] systemd[1]: Listening on Syslog Socket.
[  OK  ] Listening on Syslog Socket.
[    3.912332] systemd[1]: Created slice System Slice.
[  OK  ] Created slice System Slice.
[    3.954156] systemd[1]: Mounting RPC Pipe File System...
         Mounting RPC Pipe File System...
[    3.992535] systemd[1]: Created slice system-systemd\x2dfsck.slice.
[  OK  ] Created slice system-systemd\x2dfsck.slice.
[    4.032663] systemd[1]: Created slice system-serial\x2dgetty.slice.
[  OK  ] Created slice system-serial\x2dgetty.slice.
[    4.071440] usb 1-1.1.1: new high-speed USB device number 4 using dwc_otg
[    4.072008] systemd[1]: Listening on Journal Socket.
[  OK  ] Listening on Journal Socket.
[    4.125796] systemd[1]: Starting Restore / save the current clock...
         Starting Restore / save the current clock...
[  OK  ] Created slice system-getty.slice.
[  OK  ] Listening on udev Kernel Socket.
[    4.211927] usb 1-1.1.1: New USB device found, idVendor=0424, idProduct=7800
[    4.223101] usb 1-1.1.1: New USB device strings: Mfr=0, Product=0, SerialNumber=0
         Starting Set the console keyboard layout...
[  OK  ] Reached target Swap.
[  OK  ] Started Forward Password Requests to Wall Directory Watch.
         Mounting POSIX Message Queue File System...
         Starting Create list of required st…ce nodes for the current kernel...
[  OK  ] Created slice User and Session Slice.
[  OK  ] Reached target Slices.
         Starting Load Kernel Modules...
         Mounting Debug File System...
[    4.500813] i2c /dev entries driver
[    4.514787] libphy: lan78xx-mdiobus: probed
[  OK      4.524206] media: Linux media interface: v0.10
0m] Listening on /dev/initctl Compatibility Named Pipe.
[    4.555329] Linux video capture interface: v2.00
[  OK  ] Listening on Journal Socket (/dev/log).
[    4.584212] bcm2835_v4l2: module is from the staging directory, the quality is unknown, you have been warned.
         Starting Journal Service...
[  OK  ] Listening on udev Control Socket.
[  OK  ] Listening on fsck to fsckd communication Socket.
         Starting File System Check on Root Device...
[  OK  ] Set up automount Arbitrary Executab…rmats File System Automount Point.
[  OK  ] Mounted RPC Pipe File System.
[  OK  ] Mounted POSIX Message Queue File System.
[  OK  ] Mounted Debug File System.
[  OK  ] Started Journal Service.
[  OK  ] Started Restore / save the current clock.
[  OK  ] Started Set the console keyboard layout.
[  OK  ] Started Create list of required sta…vice nodes for the current kernel.
[  OK  ] Started Load Kernel Modules.
[  OK  ] Started File System Check on Root Device.
[  OK  ] Started File System Check Daemon to report status.
         Starting Remount Root and Kernel File Systems...
         Mounting Configuration File System...
         Starting Apply Kernel Variables...
         Starting Create Static Device Nodes in /dev...
[  OK  ] Mounted Configuration File System.
[  OK  ] Started Remount Root and Kernel File Systems.
[  OK  ] Started Apply Kernel Variables.
[  OK  ] Started Create Static Device Nodes in /dev.
         Starting udev Kernel Device Manager...
[  OK  ] Reached target Local File Systems (Pre).
         Starting Load/Save Random Seed...
         Starting udev Coldplug all Devices...
         Starting Flush Journal to Persistent Storage...
[  OK  ] Started Load/Save Random Seed.
[  OK  ] Started udev Kernel Device Manager.
[  OK  ] Started Flush Journal to Persistent Storage.
[  OK  ] Started udev Coldplug all Devices.
         Starting Show Plymouth Boot Screen...
[  OK  ] Started Show Plymouth Boot Screen.
[  OK  ] Reached target Paths.
[  OK  ] Reached target Encrypted Volumes.
[  OK  ] Started Forward Password Requests to Plymouth Directory Watch.
[  OK  ] Found device /dev/serial1.
[  OK  ] Found device /dev/ttyS0.
[  OK  ] Found device /dev/disk/by-partuuid/7d4c1888-01.
         Starting File System Check on /dev/disk/by-partuuid/7d4c1888-01...
[  OK  ] Reached target Sound Card.
[  OK  ] Listening on Load/Save RF Kill Switch Status /dev/rfkill Watch.
[  OK  ] Started File System Check on /dev/disk/by-partuuid/7d4c1888-01.
         Mounting /boot...
[  OK  ] Mounted /boot.
[  OK  ] Reached target Local File Systems.
         Starting Tell Plymouth To Write Out Runtime Data...
         Starting Raise network interfaces...
         Starting Set console font and keymap...
         Starting Preprocess NFS configuration...
         Starting Create Volatile Files and Directories...
[  OK  ] Started Tell Plymouth To Write Out Runtime Data.
[  OK  ] Started Preprocess NFS configuration.
[  OK  ] Reached target NFS client services.
[  OK  ] Reached target Remote File Systems (Pre).
[  OK  ] Reached target Remote File Systems.
[  OK  ] Started Set console font and keymap.
[  OK  ] Started Create Volatile Files and Directories.
         Starting Update UTMP about System Boot/Shutdown...
         Starting Network Time Synchronization...
[  OK  ] Started Update UTMP about System Boot/Shutdown.
[  OK  ] Started Raise network interfaces.
[  OK  ] Started Network Time Synchronization.
[  OK  ] Reached target System Initialization.
[  OK  ] Listening on GPS (Global Positioning System) Daemon Sockets.
[  OK  ] Listening on triggerhappy.socket.
[  OK  ] Listening on D-Bus System Message Bus Socket.
[  OK  ] Started Daily Cleanup of Temporary Directories.
[  OK  ] Listening on Avahi mDNS/DNS-SD Stack Activation Socket.
[  OK  ] Reached target Sockets.
[  OK  ] Reached target Basic System.
         Starting Login Service...
         Starting triggerhappy global hotkey daemon...
         Starting Check for v3d driver...
         Starting Avahi mDNS/DNS-SD Stack...
         Starting Save/Restore Sound Card State...
         Starting Restore /etc/resolv.conf i…fore the ppp link was shut down...
         Starting System Logging Service...
         Starting LSB: Switch to ondemand cp…r (unless shift key is pressed)...
[  OK  ] Started Regular background program processing daemon.
[  OK  ] Started D-Bus System Message Bus.
[  OK  ] Started Avahi mDNS/DNS-SD Stack.
         Starting LSB: Autogenerate and use a swap file...
         Starting Configure Bluetooth Modems connected by UART...
         Starting dhcpcd on all interfaces...
         Starting Disable WiFi if country not set...
[  OK  ] Reached target System Time Synchronized.
[  OK  ] Started Daily apt download activities.
[  OK  ] Started Daily apt upgrade and clean activities.
[  OK  ] Reached target Timers.
[  OK  ] Started triggerhappy global hotkey daemon.
[  OK  ] Started System Logging Service.
[  OK  ] Started Check for v3d driver.
[  OK  ] Started Save/Restore Sound Card State.
[  OK  ] Started Restore /etc/resolv.conf if…before the ppp link was shut down.
[  OK  ] Started Disable WiFi if country not set.
[  OK  ] Started dhcpcd on all interfaces.
[  OK  ] Started Login Service.
[  OK  ] Reached target Network.
         Starting OpenBSD Secure Shell server...
         Starting /etc/rc.local Compatibility...
         Starting Permit User Sessions...
         Starting xrdp session manager...
         Starting Load/Save RF Kill Switch Status...
[  OK  ] Started Permit User Sessions.
         Starting Light Display Manager...
[  OK  ] Started Load/Save RF Kill Switch Status.
[  OK  ] Started LSB: Autogenerate and use a swap file.
[  OK  ] Started xrdp session manager.
         Starting xrdp daemon...
[  OK  ] Started OpenBSD Secure Shell server.
[  OK  ] Started LSB: Switch to ondemand cpu…nor (unless shift key is pressed).

Raspbian GNU/Linux 9 raspberrypi ttyS0
raspberrypi login: [   18.711561] Under-voltage detected! (0x00050005)

Raspbian GNU/Linux 9 raspberrypi ttyS0
raspberrypi login: pi
Password: 
Last login: Sat Apr 13 16:33:11 CST 2019 on ttyS0
Linux raspberrypi 4.14.50-v7+ #1122 SMP Tue Jun 19 12:26:26 BST 2018 armv7l

The programs included with the Debian GNU/Linux system are free software;
the exact distribution terms for each program are described in the
individual files in /usr/share/doc/*/copyright.

Debian GNU/Linux comes with ABSOLUTELY NO WARRANTY, to the extent
permitted by applicable law.
routespberrypi:~$ 
Kernel IP routing table
Destination     Gateway         Genmask         Flags Metric Ref    Use Iface
default         192.168.1.1     0.0.0.0         UG    303    0        0 wlan0
192.168.1.0     0.0.0.0         255.255.255.0   U     303    0        0 wlan0
192.168.100.0   0.0.0.0         255.255.255.0   U     202    0        0 eth0
pi@raspberrypi:~$ ping www.baidu.com
^C
pi@raspberrypi:~$ su
Password: 
root@raspberrypi:/home/pi# pppd call gprs &
[1] 1142
root@raspberrypi:/home/pi# Script /usr/sbin/chat -v -f /etc/chatscripts/gprs-connect-chat finished (pid 1148), status = 0x0
Serial connection established.
using channel 1
Using interface ppp0
Connect: ppp0 <--> /dev/ttyUSB2
sent [LCP ConfReq id=0x1 <asyncmap 0x0> <magic 0x3e9c0dc6> <pcomp> <accomp>]
rcvd [LCP ConfReq id=0x0 <asyncmap 0x0> <auth chap MD5> <magic 0xd083fc0c> <pcomp> <accomp>]
sent [LCP ConfNak id=0x0 <auth pap>]
rcvd [LCP ConfAck id=0x1 <asyncmap 0x0> <magic 0x3e9c0dc6> <pcomp> <accomp>]
rcvd [LCP ConfReq id=0x1 <asyncmap 0x0> <auth pap> <magic 0xd083fc0c> <pcomp> <accomp>]
sent [LCP ConfAck id=0x1 <asyncmap 0x0> <auth pap> <magic 0xd083fc0c> <pcomp> <accomp>]
sent [LCP EchoReq id=0x0 magic=0x3e9c0dc6]
sent [PAP AuthReq id=0x1 user="myusername@realm" password=<hidden>]
rcvd [LCP DiscReq id=0x2 magic=0xd083fc0c]
rcvd [LCP EchoRep id=0x0 magic=0xd083fc0c 3e 9c 0d c6]
rcvd [PAP AuthAck id=0x1 ""]
PAP authentication succeeded
sent [CCP ConfReq id=0x1 <deflate 15> <deflate(old#) 15> <bsd v1 15>]
sent [IPCP ConfReq id=0x1 <compress VJ 0f 01> <addr 0.0.0.0> <ms-dns1 0.0.0.0> <ms-dns2 0.0.0.0>]
rcvd [LCP ProtRej id=0x3 80 fd 01 01 00 0f 1a 04 78 00 18 04 78 00 15 03 2f]
Protocol-Reject for 'Compression Control Protocol' (0x80fd) received
rcvd [IPCP ConfReq id=0x0]
sent [IPCP ConfNak id=0x0 <addr 0.0.0.0>]
rcvd [IPCP ConfRej id=0x1 <compress VJ 0f 01>]
sent [IPCP ConfReq id=0x2 <addr 0.0.0.0> <ms-dns1 0.0.0.0> <ms-dns2 0.0.0.0>]
rcvd [IPCP ConfReq id=0x1]
sent [IPCP ConfAck id=0x1]
rcvd [IPCP ConfNak id=0x2 <addr 10.15.170.90> <ms-dns1 120.196.165.7> <ms-dns2 221.179.38.7>]
sent [IPCP ConfReq id=0x3 <addr 10.15.170.90> <ms-dns1 120.196.165.7> <ms-dns2 221.179.38.7>]
rcvd [IPCP ConfAck id=0x3 <addr 10.15.170.90> <ms-dns1 120.196.165.7> <ms-dns2 221.179.38.7>]
Could not determine remote IP address: defaulting to 10.64.64.64
not replacing default route to wlan0 [192.168.1.1]
local  IP address 10.15.170.90
remote IP address 10.64.64.64
primary   DNS address 120.196.165.7
secondary DNS address 221.179.38.7
Script /etc/ppp/ip-up started (pid 1160)
Script /etc/ppp/ip-up finished (pid 1160), status = 0x0

root@raspberrypi:/home/pi# ifconfig
eth0: flags=4163<UP,BROADCAST,RUNNING,MULTICAST>  mtu 1500
        inet 192.168.100.100  netmask 255.255.255.0  broadcast 192.168.100.255
        inet6 fd51:42f8:caae:d92e::ff  prefixlen 64  scopeid 0x0<global>
        inet6 fe80::fb5f:c3b8:d693:a6e9  prefixlen 64  scopeid 0x20<link>
        ether b8:27:eb:a8:f8:f3  txqueuelen 1000  (Ethernet)
        RX packets 57  bytes 5182 (5.0 KiB)
        RX errors 0  dropped 0  overruns 0  frame 0
        TX packets 92  bytes 8094 (7.9 KiB)
        TX errors 0  dropped 0 overruns 0  carrier 0  collisions 0

lo: flags=73<UP,LOOPBACK,RUNNING>  mtu 65536
        inet 127.0.0.1  netmask 255.0.0.0
        inet6 ::1  prefixlen 128  scopeid 0x10<host>
        loop  txqueuelen 1000  (Local Loopback)
        RX packets 44  bytes 5088 (4.9 KiB)
        RX errors 0  dropped 0  overruns 0  frame 0
        TX packets 44  bytes 5088 (4.9 KiB)
        TX errors 0  dropped 0 overruns 0  carrier 0  collisions 0

ppp0: flags=4305<UP,POINTOPOINT,RUNNING,NOARP,MULTICAST>  mtu 1500
        inet 10.15.170.90  netmask 255.255.255.255  destination 10.64.64.64
        ppp  txqueuelen 3  (Point-to-Point Protocol)
        RX packets 5  bytes 62 (62.0 B)
        RX errors 0  dropped 0  overruns 0  frame 0
        TX packets 6  bytes 101 (101.0 B)
        TX errors 0  dropped 0 overruns 0  carrier 0  collisions 0

wlan0: flags=4163<UP,BROADCAST,RUNNING,MULTICAST>  mtu 1500
        inet 192.168.1.107  netmask 255.255.255.0  broadcast 192.168.1.255
        inet6 fe80::dd3c:d157:5879:5a45  prefixlen 64  scopeid 0x20<link>
        ether b8:27:eb:fd:ad:a6  txqueuelen 1000  (Ethernet)
        RX packets 213  bytes 182000 (177.7 KiB)
        RX errors 0  dropped 0  overruns 0  frame 0
        TX packets 64  bytes 8432 (8.2 KiB)
        TX errors 0  dropped 0 overruns 0  carrier 0  collisions 0

wwan0: flags=4099<UP,BROADCAST,MULTICAST>  mtu 1500
        ether 1e:c2:e1:7b:ff:8e  txqueuelen 1000  (Ethernet)
        RX packets 0  bytes 0 (0.0 B)
        RX errors 320  dropped 0  overruns 0  frame 0
        TX packets 0  bytes 0 (0.0 B)
        TX errors 2  dropped 0 overruns 0  carrier 0  collisions 0

root@raspberrypi:/home/pi# 
root@raspberrypi:/home/pi# ping www.baidu.com
c^C
root@raspberrypi:/home/pi# route add default dev ppp0
root@raspberrypi:/home/pi# ping www.baidu.com        
PING www.a.shifen.com (183.232.231.172) 56(84) bytes of data.
64 bytes from 183.232.231.172 (183.232.231.172): icmp_seq=1 ttl=56 time=118 ms
64 bytes from 183.232.231.172 (183.232.231.172): icmp_seq=2 ttl=56 time=694 ms
64 bytes from 183.232.231.172 (183.232.231.172): icmp_seq=3 ttl=56 time=235 ms
64 bytes from 183.232.231.172 (183.232.231.172): icmp_seq=4 ttl=56 time=552 ms
64 bytes from 183.232.231.172 (183.232.231.172): icmp_seq=5 ttl=56 time=230 ms
64 bytes from 183.232.231.172 (183.232.231.172): icmp_seq=6 ttl=56 time=592 ms
64 bytes from 183.232.231.172 (183.232.231.172): icmp_seq=7 ttl=56 time=233 ms
64 bytes from 183.232.231.172 (183.232.231.172): icmp_seq=8 ttl=56 time=572 ms
64 bytes from 183.232.231.172 (183.232.231.172): icmp_seq=9 ttl=56 time=233 ms
64 bytes from 183.232.231.172 (183.232.231.172): icmp_seq=10 ttl=56 time=311 ms
64 bytes from 183.232.231.172 (183.232.231.172): icmp_seq=11 ttl=56 time=672 ms
64 bytes from 183.232.231.172 (183.232.231.172): icmp_seq=12 ttl=56 time=249 ms
64 bytes from 183.232.231.172 (183.232.231.172): icmp_seq=13 ttl=56 time=708 ms
64 bytes from 183.232.231.172 (183.232.231.172): icmp_seq=14 ttl=56 time=326 ms
64 bytes from 183.232.231.172 (183.232.231.172): icmp_seq=15 ttl=56 time=667 ms
64 bytes from 183.232.231.172 (183.232.231.172): icmp_seq=16 ttl=56 time=309 ms
64 bytes from 183.232.231.172 (183.232.231.172): icmp_seq=17 ttl=56 time=625 ms
64 bytes from 183.232.231.172 (183.232.231.172): icmp_seq=18 ttl=56 time=244 ms
64 bytes from 183.232.231.172 (183.232.231.172): icmp_seq=19 ttl=56 time=588 ms
64 bytes from 183.232.231.172 (183.232.231.172): icmp_seq=20 ttl=56 time=249 ms
64 bytes from 183.232.231.172 (183.232.231.172): icmp_seq=21 ttl=56 time=627 ms
64 bytes from 183.232.231.172 (183.232.231.172): icmp_seq=22 ttl=56 time=246 ms
64 bytes from 183.232.231.172 (183.232.231.172): icmp_seq=23 ttl=56 time=583 ms
64 bytes from 183.232.231.172 (183.232.231.172): icmp_seq=24 ttl=56 time=243 ms
64 bytes from 183.232.231.172 (183.232.231.172): icmp_seq=25 ttl=56 time=585 ms
64 bytes from 183.232.231.172 (183.232.231.172): icmp_seq=26 ttl=56 time=245 ms
64 bytes from 183.232.231.172 (183.232.231.172): icmp_seq=27 ttl=56 time=582 ms
64 bytes from 183.232.231.172 (183.232.231.172): icmp_seq=28 ttl=56 time=242 ms
64 bytes from 183.232.231.172 (183.232.231.172): icmp_seq=29 ttl=56 time=561 ms
64 bytes from 183.232.231.172 (183.232.231.172): icmp_seq=30 ttl=56 time=9364 ms
64 bytes from 183.232.231.172 (183.232.231.172): icmp_seq=31 ttl=56 time=359 ms
64 bytes from 183.232.231.172 (183.232.231.172): icmp_seq=32 ttl=56 time=676 ms
64 bytes from 183.232.231.172 (183.232.231.172): icmp_seq=33 ttl=56 time=235 ms
64 bytes from 183.232.231.172 (183.232.231.172): icmp_seq=34 ttl=56 time=553 ms
64 bytes from 183.232.231.172 (183.232.231.172): icmp_seq=35 ttl=56 time=236 ms
64 bytes from 183.232.231.172 (183.232.231.172): icmp_seq=36 ttl=56 time=593 ms
64 bytes from 183.232.231.172 (183.232.231.172): icmp_seq=37 ttl=56 time=233 ms
64 bytes from 183.232.231.172 (183.232.231.172): icmp_seq=38 ttl=56 time=552 ms
64 bytes from 183.232.231.172 (183.232.231.172): icmp_seq=39 ttl=56 time=229 ms
64 bytes from 183.232.231.172 (183.232.231.172): icmp_seq=40 ttl=56 time=991 ms
64 bytes from 183.232.231.172 (183.232.231.172): icmp_seq=41 ttl=56 time=430 ms
64 bytes from 183.232.231.172 (183.232.231.172): icmp_seq=42 ttl=56 time=571 ms
64 bytes from 183.232.231.172 (183.232.231.172): icmp_seq=43 ttl=56 time=290 ms
64 bytes from 183.232.231.172 (183.232.231.172): icmp_seq=44 ttl=56 time=668 ms
64 bytes from 183.232.231.172 (183.232.231.172): icmp_seq=45 ttl=56 time=248 ms
64 bytes from 183.232.231.172 (183.232.231.172): icmp_seq=46 ttl=56 time=584 ms
64 bytes from 183.232.231.172 (183.232.231.172): icmp_seq=47 ttl=56 time=322 ms
64 bytes from 183.232.231.172 (183.232.231.172): icmp_seq=48 ttl=56 time=622 ms
64 bytes from 183.232.231.172 (183.232.231.172): icmp_seq=49 ttl=56 time=239 ms
64 bytes from 183.232.231.172 (183.232.231.172): icmp_seq=50 ttl=56 time=581 ms
64 bytes from 183.232.231.172 (183.232.231.172): icmp_seq=51 ttl=56 time=240 ms
64 bytes from 183.232.231.172 (183.232.231.172): icmp_seq=52 ttl=56 time=579 ms
64 bytes from 183.232.231.172 (183.232.231.172): icmp_seq=53 ttl=56 time=238 ms
64 bytes from 183.232.231.172 (183.232.231.172): icmp_seq=54 ttl=56 time=554 ms
64 bytes from 183.232.231.172 (183.232.231.172): icmp_seq=55 ttl=56 time=231 ms
64 bytes from 183.232.231.172 (183.232.231.172): icmp_seq=56 ttl=56 time=551 ms
64 bytes from 183.232.231.172 (183.232.231.172): icmp_seq=57 ttl=56 time=251 ms
64 bytes from 183.232.231.172 (183.232.231.172): icmp_seq=58 ttl=56 time=614 ms
64 bytes from 183.232.231.172 (183.232.231.172): icmp_seq=59 ttl=56 time=231 ms
64 bytes from 183.232.231.172 (183.232.231.172): icmp_seq=60 ttl=56 time=668 ms
64 bytes from 183.232.231.172 (183.232.231.172): icmp_seq=61 ttl=56 time=249 ms
64 bytes from 183.232.231.172 (183.232.231.172): icmp_seq=62 ttl=56 time=648 ms
64 bytes from 183.232.231.172 (183.232.231.172): icmp_seq=63 ttl=56 time=247 ms
64 bytes from 183.232.231.172 (183.232.231.172): icmp_seq=64 ttl=56 time=607 ms
64 bytes from 183.232.231.172 (183.232.231.172): icmp_seq=65 ttl=56 time=243 ms
64 bytes from 183.232.231.172 (183.232.231.172): icmp_seq=66 ttl=56 time=585 ms
64 bytes from 183.232.231.172 (183.232.231.172): icmp_seq=67 ttl=56 time=244 ms
64 bytes from 183.232.231.172 (183.232.231.172): icmp_seq=68 ttl=56 time=580 ms
64 bytes from 183.232.231.172 (183.232.231.172): icmp_seq=69 ttl=56 time=239 ms
64 bytes from 183.232.231.172 (183.232.231.172): icmp_seq=70 ttl=56 time=557 ms
64 bytes from 183.232.231.172 (183.232.231.172): icmp_seq=71 ttl=56 time=234 ms
64 bytes from 183.232.231.172 (183.232.231.172): icmp_seq=72 ttl=56 time=596 ms
64 bytes from 183.232.231.172 (183.232.231.172): icmp_seq=73 ttl=56 time=255 ms
64 bytes from 183.232.231.172 (183.232.231.172): icmp_seq=74 ttl=56 time=754 ms
64 bytes from 183.232.231.172 (183.232.231.172): icmp_seq=75 ttl=56 time=312 ms
^C
--- www.a.shifen.com ping statistics ---
76 packets transmitted, 75 received, 1% packet loss, time 83427ms
rtt min/avg/max/mdev = 118.326/552.633/9364.436/1042.111 ms
root@raspberrypi:/home/pi# cat /etc/ppp/
chap-secrets  ip-up         ipv6-down.d/  options       resolv.conf
ip-down       ip-up.d/      ipv6-up       pap-secrets   
ip-down.d/    ipv6-down     ipv6-up.d/    peers/        
root@raspberrypi:/home/pi# cat /etc/ppp/ip-up
#!/bin/sh
#
# This script is run by the pppd after the link is established.
# It uses run-parts to run scripts in /etc/ppp/ip-up.d, so to add routes,
# set IP address, run the mailq etc. you should create script(s) there.
#
# Be aware that other packages may include /etc/ppp/ip-up.d scripts (named
# after that package), so choose local script names with that in mind.
#
# This script is called with the following arguments:
#    Arg  Name                          Example
#    $1   Interface name                ppp0
#    $2   The tty                       ttyS1
#    $3   The link speed                38400
#    $4   Local IP number               12.34.56.78
#    $5   Peer  IP number               12.34.56.99
#    $6   Optional ``ipparam'' value    foo

# The  environment is cleared before executing this script
# so the path must be reset
PATH=/usr/local/sbin:/usr/sbin:/sbin:/usr/local/bin:/usr/bin:/bin
export PATH

# These variables are for the use of the scripts run by run-parts
PPP_IFACE="$1"
PPP_TTY="$2"
PPP_SPEED="$3"
PPP_LOCAL="$4"
PPP_REMOTE="$5"
PPP_IPPARAM="$6"
export PPP_IFACE PPP_TTY PPP_SPEED PPP_LOCAL PPP_REMOTE PPP_IPPARAM

# as an additional convenience, $PPP_TTYNAME is set to the tty name,
# stripped of /dev/ (if present) for easier matching.
PPP_TTYNAME=`/usr/bin/basename "$2"`
export PPP_TTYNAME 

# If /var/log/ppp-ipupdown.log exists use it for logging.
if [ -e /var/log/ppp-ipupdown.log ]; then
  exec > /var/log/ppp-ipupdown.log 2>&1
  echo $0 $@
  echo
fi

# This script can be used to override the .d files supplied by other packages.
if [ -x /etc/ppp/ip-up.local ]; then
  exec /etc/ppp/ip-up.local "$@"
fi

run-parts /etc/ppp/ip-up.d \
  --arg="$1" --arg="$2" --arg="$3" --arg="$4" --arg="$5" --arg="$6"

# if pon was called with the "quick" argument, stop pppd
if [ -e /var/run/ppp-quick ]; then
  rm /var/run/ppp-quick
  wait
  kill $PPPD_PID
fi

root@raspberrypi:/home/pi# cat /etc/ppp/ip-up
ip-up    ip-up.d/ 
root@raspberrypi:/home/pi# cat /etc/ppp/ip-up
ip-up    ip-up.d/ 
root@raspberrypi:/home/pi# cat /etc/ppp/ip-up.d/000
0000usepeerdns  000resolvconf   
root@raspberrypi:/home/pi# cat /etc/ppp/ip-up.d/000resolvconf 
#!/bin/sh
# ppp.ip-up hook script for resolvconf
# Written by Roy Marples <roy@marples.name> under the BSD-2 license

[ -x /sbin/resolvconf ] || exit 0

if [ -n "$DNS1" -o -n "$DNS2" ]; then
        conf="# Generated by ppp.ip-up for $PPP_IFACE\n"
        [ -n "$DNS1" ] && conf="${conf}nameserver $DNS1\n"
        [ -n "$DNS2" ] && conf="${conf}nameserver $DNS2\n"
        printf "$conf" | /sbin/resolvconf -a "$PPP_IFACE"
fi
root@raspberrypi:/home/pi# ls
Desktop    main2.py          opencv_contrib-3.4.1        raspberry-pi
Documents  main3.py          opencv_contrib-3.4.1.zip    Templates
Downloads  minicom.log       people-counting-opencv      test.sh
image.jpg  Music             people-counting-opencv.zip  thinclient_drives
log.txt    myvideo.h264      Pictures                    Videos
MagPi      opencv-3.4.1      Public                      Work
main1.py   opencv-3.4.1.zip  python_games
root@raspberrypi:/home/pi# vim /etc/ppp/
chap-secrets  ip-up         ipv6-down.d/  options       resolv.conf
ip-down       ip-up.d/      ipv6-up       pap-secrets   
ip-down.d/    ipv6-down     ipv6-up.d/    peers/        
root@raspberrypi:/home/pi# vim /etc/ppp/ip-up
#!/bin/sh
#
# This script is run by the pppd after the link is established.
# It uses run-parts to run scripts in /etc/ppp/ip-up.d, so to add routes,
# set IP address, run the mailq etc. you should create script(s) there.
#
# Be aware that other packages may include /etc/ppp/ip-up.d scripts (named
# after that package), so choose local script names with that in mind.
#
# This script is called with the following arguments:
#    Arg  Name                          Example
#    $1   Interface name                ppp0
#    $2   The tty                       ttyS1
#    $3   The link speed                38400
#    $4   Local IP number               12.34.56.78
#    $5   Peer  IP number               12.34.56.99
#    $6   Optional ``ipparam'' value    foo

# The  environment is cleared before executing this script
# so the path must be reset
PATH=/usr/local/sbin:/usr/sbin:/sbin:/usr/local/bin:/usr/bin:/bin

# These variables are for the use of the scripts run by run-parts
PPP_IFACE="$1"
PPP_TTY="$2"
PPP_SPEED="$3"
PPP_LOCAL="$4"
PPP_REMOTE="$5"
PPP_IPPARAM="$6"
export PPP_IFACE PPP_TTY PPP_SPEED PPP_LOCAL PPP_REMOTE PPP_IPPARAM

# as an additional convenience, $PPP_TTYNAME is set to the tty name,
# stripped of /dev/ (if present) for easier matching.
PPP_TTYNAME=`/usr/bin/basename "$2"`
export PPP_TTYNAME

# If /var/log/ppp-ipupdown.log exists use it for logging.
if [ -e /var/log/ppp-ipupdown.log ]; then
  exec > /var/log/ppp-ipupdown.log 2>&1
  echo $0 $@
  echo
fi

# This script can be used to override the .d files supplied by other packages.
if [ -x /etc/ppp/ip-up.local ]; then
  exec /etc/ppp/ip-up.local "$@"
fi

run-parts /etc/ppp/ip-up.d \
  --arg="$1" --arg="$2" --arg="$3" --arg="$4" --arg="$5" --arg="$6"

# if pon was called with the "quick" argument, stop pppd
if [ -e /var/run/ppp-quick ]; then
  rm /var/run/ppp-quick
  wait
  kill $PPPD_PID
fi


"/etc/ppp/ip-up" 60L, 1927C writtenl
root@raspberrypi:/home/pi# s
bash: s: command not found
root@raspberrypi:/home/pi# ls
Desktop    main2.py          opencv_contrib-3.4.1        raspberry-pi
Documents  main3.py          opencv_contrib-3.4.1.zip    Templates
Downloads  minicom.log       people-counting-opencv      test.sh
image.jpg  Music             people-counting-opencv.zip  thinclient_drives
log.txt    myvideo.h264      Pictures                    Videos
MagPi      opencv-3.4.1      Public                      Work
main1.py   opencv-3.4.1.zip  python_games
root@raspberrypi:/home/pi# killall pppd
Terminating on signal 15
Connect time 8.0 minutes.
Sent 7766 bytes, received 7392 bytes.
Script /etc/ppp/ip-down started (pid 1226)
sent [LCP TermReq id=0x2 "User request"]
rcvd [LCP TermAck id=0x2]
Connection terminated.
root@raspberrypi:/home/pi# Script /etc/ppp/ip-down finished (pid 1226), status = 0x0

[1]+  Exit 5                  pppd call gprs
root@raspberrypi:/home/pi# ifconfig
eth0: flags=4163<UP,BROADCAST,RUNNING,MULTICAST>  mtu 1500
        inet 192.168.100.100  netmask 255.255.255.0  broadcast 192.168.100.255
        inet6 fd51:42f8:caae:d92e::ff  prefixlen 64  scopeid 0x0<global>
        inet6 fe80::fb5f:c3b8:d693:a6e9  prefixlen 64  scopeid 0x20<link>
        ether b8:27:eb:a8:f8:f3  txqueuelen 1000  (Ethernet)
        RX packets 57  bytes 5182 (5.0 KiB)
        RX errors 0  dropped 0  overruns 0  frame 0
        TX packets 104  bytes 8598 (8.3 KiB)
        TX errors 0  dropped 0 overruns 0  carrier 0  collisions 0

lo: flags=73<UP,LOOPBACK,RUNNING>  mtu 65536
        inet 127.0.0.1  netmask 255.0.0.0
        inet6 ::1  prefixlen 128  scopeid 0x10<host>
        loop  txqueuelen 1000  (Local Loopback)
        RX packets 54  bytes 6042 (5.9 KiB)
        RX errors 0  dropped 0  overruns 0  frame 0
        TX packets 54  bytes 6042 (5.9 KiB)
        TX errors 0  dropped 0 overruns 0  carrier 0  collisions 0

wlan0: flags=4163<UP,BROADCAST,RUNNING,MULTICAST>  mtu 1500
        inet 192.168.1.107  netmask 255.255.255.0  broadcast 192.168.1.255
        inet6 fe80::dd3c:d157:5879:5a45  prefixlen 64  scopeid 0x20<link>
        ether b8:27:eb:fd:ad:a6  txqueuelen 1000  (Ethernet)
        RX packets 651  bytes 708997 (692.3 KiB)
        RX errors 0  dropped 0  overruns 0  frame 0
        TX packets 86  bytes 10554 (10.3 KiB)
        TX errors 0  dropped 0 overruns 0  carrier 0  collisions 0

wwan0: flags=4099<UP,BROADCAST,MULTICAST>  mtu 1500
        ether 1e:c2:e1:7b:ff:8e  txqueuelen 1000  (Ethernet)
        RX packets 0  bytes 0 (0.0 B)
        RX errors 457  dropped 0  overruns 0  frame 0
        TX packets 0  bytes 0 (0.0 B)
        TX errors 2  dropped 0 overruns 0  carrier 0  collisions 0

root@raspberrypi:/home/pi# route
Kernel IP routing table
Destination     Gateway         Genmask         Flags Metric Ref    Use Iface
default         bogon           0.0.0.0         UG    303    0        0 wlan0
192.168.1.0     0.0.0.0         255.255.255.0   U     303    0        0 wlan0
192.168.100.0   0.0.0.0         255.255.255.0   U     202    0        0 eth0
root@raspberrypi:/home/pi# ping www.baidu.com
PING www.a.shifen.com (119.75.217.109) 56(84) bytes of data.
64 bytes from 119.75.217.109 (119.75.217.109): icmp_seq=1 ttl=54 time=44.6 ms
64 bytes from 119.75.217.109 (119.75.217.109): icmp_seq=2 ttl=54 time=52.5 ms
64 bytes from 119.75.217.109 (119.75.217.109): icmp_seq=3 ttl=54 time=50.7 ms
^C
--- www.a.shifen.com ping statistics ---
3 packets transmitted, 3 received, 0% packet loss, time 20220ms
rtt min/avg/max/mdev = 44.647/49.312/52.505/3.377 ms
root@raspberrypi:/home/pi# route
Kernel IP routing table
Destination     Gateway         Genmask         Flags Metric Ref    Use Iface
default         bogon           0.0.0.0         UG    303    0        0 wlan0
192.168.1.0     0.0.0.0         255.255.255.0   U     303    0        0 wlan0
192.168.100.0   0.0.0.0         255.255.255.0   U     202    0        0 eth0
root@raspberrypi:/home/pi# pppd call gprs &
[1] 1284
root@raspberrypi:/home/pi# Script /usr/sbin/chat -v -f /etc/chatscripts/gprs-connect-chat finished (pid 1285), status = 0x0
Serial connection established.
using channel 2
Using interface ppp0
Connect: ppp0 <--> /dev/ttyUSB2
sent [LCP ConfReq id=0x1 <asyncmap 0x0> <magic 0x119e0d1d> <pcomp> <accomp>]
rcvd [LCP ConfReq id=0x4 <asyncmap 0x0> <auth chap MD5> <magic 0xd08c5be9> <pcomp> <accomp>]
sent [LCP ConfNak id=0x4 <auth pap>]
rcvd [LCP ConfAck id=0x1 <asyncmap 0x0> <magic 0x119e0d1d> <pcomp> <accomp>]
rcvd [LCP ConfReq id=0x5 <asyncmap 0x0> <auth pap> <magic 0xd08c5be9> <pcomp> <accomp>]
sent [LCP ConfAck id=0x5 <asyncmap 0x0> <auth pap> <magic 0xd08c5be9> <pcomp> <accomp>]
sent [LCP EchoReq id=0x0 magic=0x119e0d1d]
sent [PAP AuthReq id=0x1 user="myusername@realm" password=<hidden>]
rcvd [LCP DiscReq id=0x6 magic=0xd08c5be9]
rcvd [LCP EchoRep id=0x0 magic=0xd08c5be9 11 9e 0d 1d]
rcvd [PAP AuthAck id=0x1 ""]
PAP authentication succeeded
sent [CCP ConfReq id=0x1 <deflate 15> <deflate(old#) 15> <bsd v1 15>]
sent [IPCP ConfReq id=0x1 <compress VJ 0f 01> <addr 0.0.0.0> <ms-dns1 0.0.0.0> <ms-dns2 0.0.0.0>]
rcvd [LCP ProtRej id=0x7 80 fd 01 01 00 0f 1a 04 78 00 18 04 78 00 15 03 2f]
Protocol-Reject for 'Compression Control Protocol' (0x80fd) received
rcvd [IPCP ConfReq id=0x2]
sent [IPCP ConfNak id=0x2 <addr 0.0.0.0>]
rcvd [IPCP ConfRej id=0x1 <compress VJ 0f 01>]
sent [IPCP ConfReq id=0x2 <addr 0.0.0.0> <ms-dns1 0.0.0.0> <ms-dns2 0.0.0.0>]
rcvd [IPCP ConfReq id=0x3]
sent [IPCP ConfAck id=0x3]
rcvd [IPCP ConfNak id=0x2 <addr 10.133.178.202> <ms-dns1 120.196.165.7> <ms-dns2 221.179.38.7>]
sent [IPCP ConfReq id=0x3 <addr 10.133.178.202> <ms-dns1 120.196.165.7> <ms-dns2 221.179.38.7>]
rcvd [IPCP ConfAck id=0x3 <addr 10.133.178.202> <ms-dns1 120.196.165.7> <ms-dns2 221.179.38.7>]
Could not determine remote IP address: defaulting to 10.64.64.64
not replacing default route to wlan0 [192.168.1.1]
local  IP address 10.133.178.202
remote IP address 10.64.64.64
primary   DNS address 120.196.165.7
secondary DNS address 221.179.38.7
Script /etc/ppp/ip-up started (pid 1291)
Script /etc/ppp/ip-up finished (pid 1291), status = 0x7

root@raspberrypi:/home/pi# route
Kernel IP routing table
Destination     Gateway         Genmask         Flags Metric Ref    Use Iface
default         192.168.1.1     0.0.0.0         UG    303    0        0 wlan0
10.64.64.64     0.0.0.0         255.255.255.255 UH    0      0        0 ppp0
192.168.1.0     0.0.0.0         255.255.255.0   U     303    0        0 wlan0
192.168.100.0   0.0.0.0         255.255.255.0   U     202    0        0 eth0
root@raspberrypi:/home/pi# route add default dev ppp0
root@raspberrypi:/home/pi# route
Kernel IP routing table
Destination     Gateway         Genmask         Flags Metric Ref    Use Iface
default         0.0.0.0         0.0.0.0         U     0      0        0 ppp0
default         192.168.1.1     0.0.0.0         UG    303    0        0 wlan0
10.64.64.64     0.0.0.0         255.255.255.255 UH    0      0        0 ppp0
192.168.1.0     0.0.0.0         255.255.255.0   U     303    0        0 wlan0
192.168.100.0   0.0.0.0         255.255.255.0   U     202    0        0 eth0
root@raspberrypi:/home/pi# reboot
[  759.494693] reboot: Restarting system
[    0.000000] Booting Linux on physical CPU 0x0
[    0.000000] Linux version 4.14.50-v7+ (dc4@dc4-XPS13-9333) (gcc version 4.9.3 (crosstool-NG crosstool-ng-1.22.0-88-g8460611)) #1122 SMP Tue Jun 19 12:26:26 BST 2018
[    0.000000] CPU: ARMv7 Processor [410fd034] revision 4 (ARMv7), cr=10c5383d
[    0.000000] CPU: div instructions available: patching division code
[    0.000000] CPU: PIPT / VIPT nonaliasing data cache, VIPT aliasing instruction cache
[    0.000000] OF: fdt: Machine model: Raspberry Pi 3 Model B Plus Rev 1.3
[    0.000000] Memory policy: Data cache writealloc
[    0.000000] cma: Reserved 8 MiB at 0x37800000
[    0.000000] percpu: Embedded 17 pages/cpu @b6fbf000 s38720 r8192 d22720 u69632
[    0.000000] Built 1 zonelists, mobility grouping on.  Total pages: 227360
[    0.000000] Kernel command line: 8250.nr_uarts=1 bcm2708_fb.fbwidth=800 bcm2708_fb.fbheight=480 bcm2708_fb.fbswap=1 vc_mem.mem_base=0x3ec00000 vc_mem.mem_size=0x40000000  dwc_otg.lpm_enable=0 console=tty1 console=ttyS0,115200 root=/dev/mmcblk0p2 rootfstype=ext4 elevator=deadline rootwait fbcon=map:10 fbcon=font:ProFont6x11 logo.nologo
[    0.000000] PID hash table entries: 4096 (order: 2, 16384 bytes)
[    0.000000] Dentry cache hash table entries: 131072 (order: 7, 524288 bytes)
[    0.000000] Inode-cache hash table entries: 65536 (order: 6, 262144 bytes)
[    0.000000] Memory: 887456K/917504K available (7168K kernel code, 575K rwdata, 2072K rodata, 1024K init, 706K bss, 21856K reserved, 8192K cma-reserved)
[    0.000000] Virtual kernel memory layout:
[    0.000000]     vector  : 0xffff0000 - 0xffff1000   (   4 kB)
[    0.000000]     fixmap  : 0xffc00000 - 0xfff00000   (3072 kB)
[    0.000000]     vmalloc : 0xb8800000 - 0xff800000   (1136 MB)
[    0.000000]     lowmem  : 0x80000000 - 0xb8000000   ( 896 MB)
[    0.000000]     modules : 0x7f000000 - 0x80000000   (  16 MB)
[    0.000000]       .text : 0x80008000 - 0x80800000   (8160 kB)
[    0.000000]       .init : 0x80b00000 - 0x80c00000   (1024 kB)
[    0.000000]       .data : 0x80c00000 - 0x80c8fef4   ( 576 kB)
[    0.000000]        .bss : 0x80c96f40 - 0x80d478b4   ( 707 kB)
[    0.000000] SLUB: HWalign=64, Order=0-3, MinObjects=0, CPUs=4, Nodes=1
[    0.000000] ftrace: allocating 25253 entries in 75 pages
[    0.000000] Hierarchical RCU implementation.
[    0.000000] NR_IRQS: 16, nr_irqs: 16, preallocated irqs: 16
[    0.000000] arch_timer: cp15 timer(s) running at 19.20MHz (phys).
[    0.000000] clocksource: arch_sys_counter: mask: 0xffffffffffffff max_cycles: 0x46d987e47, max_idle_ns: 440795202767 ns
[    0.000007] sched_clock: 56 bits at 19MHz, resolution 52ns, wraps every 4398046511078ns
[    0.000023] Switching to timer-based delay loop, resolution 52ns
[    0.000273] Console: colour dummy device 80x30
[    0.000815] console [tty1] enabled
[    0.000857] Calibrating delay loop (skipped), value calculated using timer frequency.. 38.40 BogoMIPS (lpj=192000)
[    0.000897] pid_max: default: 32768 minimum: 301
[    0.001227] Mount-cache hash table entries: 2048 (order: 1, 8192 bytes)
[    0.001259] Mountpoint-cache hash table entries: 2048 (order: 1, 8192 bytes)
[    0.002211] Disabling memory control group subsystem
[    0.002311] CPU: Testing write buffer coherency: ok
[    0.002723] CPU0: thread -1, cpu 0, socket 0, mpidr 80000000
[    0.003118] Setting up static identity map for 0x100000 - 0x10003c
[    0.003253] Hierarchical SRCU implementation.
[    0.003905] smp: Bringing up secondary CPUs ...
[    0.004602] CPU1: thread -1, cpu 1, socket 0, mpidr 80000001
[    0.005349] CPU2: thread -1, cpu 2, socket 0, mpidr 80000002
[    0.006082] CPU3: thread -1, cpu 3, socket 0, mpidr 80000003
[    0.006186] smp: Brought up 1 node, 4 CPUs
[    0.006258] SMP: Total of 4 processors activated (153.60 BogoMIPS).
[    0.006279] CPU: All CPU(s) started in HYP mode.
[    0.006297] CPU: Virtualization extensions available.
[    0.007158] devtmpfs: initialized
[    0.017134] random: get_random_u32 called from bucket_table_alloc+0xfc/0x24c with crng_init=0
[    0.017830] VFP support v0.3: implementor 41 architecture 3 part 40 variant 3 rev 4
[    0.018066] clocksource: jiffies: mask: 0xffffffff max_cycles: 0xffffffff, max_idle_ns: 19112604462750000 ns
[    0.018110] futex hash table entries: 1024 (order: 4, 65536 bytes)
[    0.018682] pinctrl core: initialized pinctrl subsystem
[    0.019448] NET: Registered protocol family 16
[    0.022092] DMA: preallocated 1024 KiB pool for atomic coherent allocations
[    0.026886] hw-breakpoint: found 5 (+1 reserved) breakpoint and 4 watchpoint registers.
[    0.026918] hw-breakpoint: maximum watchpoint size is 8 bytes.
[    0.027145] Serial: AMBA PL011 UART driver
[    0.028780] bcm2835-mbox 3f00b880.mailbox: mailbox enabled
[    0.029248] uart-pl011 3f201000.serial: could not find pctldev for node /soc/gpio@7e200000/uart0_pins, deferring probe
[    0.060963] bcm2835-dma 3f007000.dma: DMA legacy API manager at b8813000, dmachans=0x1
[    0.062395] SCSI subsystem initialized
[    0.062635] usbcore: registered new interface driver usbfs
[    0.062703] usbcore: registered new interface driver hub
[    0.062803] usbcore: registered new device driver usb
[    0.070078] raspberrypi-firmware soc:firmware: Attached to firmware from 2018-06-07 15:37
[    0.071421] clocksource: Switched to clocksource arch_sys_counter
[    0.148494] VFS: Disk quotas dquot_6.6.0
[    0.148607] VFS: Dquot-cache hash table entries: 1024 (order 0, 4096 bytes)
[    0.148809] FS-Cache: Loaded
[    0.149016] CacheFiles: Loaded
[    0.157794] NET: Registered protocol family 2
[    0.158531] TCP established hash table entries: 8192 (order: 3, 32768 bytes)
[    0.158660] TCP bind hash table entries: 8192 (order: 4, 65536 bytes)
[    0.158863] TCP: Hash tables configured (established 8192 bind 8192)
[    0.159009] UDP hash table entries: 512 (order: 2, 16384 bytes)
[    0.159070] UDP-Lite hash table entries: 512 (order: 2, 16384 bytes)
[    0.159313] NET: Registered protocol family 1
[    0.159762] RPC: Registered named UNIX socket transport module.
[    0.159787] RPC: Registered udp transport module.
[    0.159806] RPC: Registered tcp transport module.
[    0.159825] RPC: Registered tcp NFSv4.1 backchannel transport module.
[    0.161295] hw perfevents: enabled with armv7_cortex_a7 PMU driver, 7 counters available
[    0.164161] workingset: timestamp_bits=14 max_order=18 bucket_order=4
[    0.172130] FS-Cache: Netfs 'nfs' registered for caching
[    0.172743] NFS: Registering the id_resolver key type
[    0.172794] Key type id_resolver registered
[    0.172814] Key type id_legacy registered
[    0.172842] nfs4filelayout_init: NFSv4 File Layout Driver Registering...
[    0.174731] Block layer SCSI generic (bsg) driver version 0.4 loaded (major 251)
[    0.174879] io scheduler noop registered
[    0.174901] io scheduler deadline registered (default)
[    0.175190] io scheduler cfq registered
[    0.175212] io scheduler mq-deadline registered
[    0.175232] io scheduler kyber registered
[    0.177535] BCM2708FB: allocated DMA memory f7900000
[    0.177580] BCM2708FB: allocated DMA channel 0 @ b8813000
[    0.189061] Console: switching to colour frame buffer device 100x30
[    0.199722] Serial: 8250/16550 driver, 1 ports, IRQ sharing enabled
[    0.204437] bcm2835-rng 3f104000.rng: hwrng registered
[    0.207857] vc-mem: phys_addr:0x00000000 mem_base=0x3ec00000 mem_size:0x40000000(1024 MiB)
[    0.211794] vc-sm: Videocore shared memory driver
[    0.215431] gpiomem-bcm2835 3f200000.gpiomem: Initialised: Registers at 0x3f200000
